2026-02-14 11:14:56,207 - vulnsight - INFO - POST /scan/start - Status: 200 - Duration: 0.86ms
2026-02-14 11:14:56,214 - vulnsight - INFO - GET /scan/status/a68bac64-02f3-48ed-aaf2-e445acfd0781 - Status: 200 - Duration: 1.08ms
2026-02-14 11:14:56,221 - app.scanners.nmap_adapter - INFO - Starting Nmap scan for scanme.nmap.org
2026-02-14 11:14:56,265 - app.scanners.nikto_adapter - INFO - Starting Nikto scan for scanme.nmap.org
2026-02-14 11:14:56,308 - app.scanners.nuclei_adapter - INFO - Starting Nuclei scan for scanme.nmap.org
2026-02-14 11:14:58,221 - vulnsight - INFO - GET /scan/status/a68bac64-02f3-48ed-aaf2-e445acfd0781 - Status: 200 - Duration: 0.72ms
2026-02-14 11:15:00,232 - vulnsight - INFO - GET /scan/status/a68bac64-02f3-48ed-aaf2-e445acfd0781 - Status: 200 - Duration: 0.20ms
2026-02-14 11:15:02,242 - vulnsight - INFO - GET /scan/status/a68bac64-02f3-48ed-aaf2-e445acfd0781 - Status: 200 - Duration: 0.18ms
2026-02-14 11:15:04,247 - vulnsight - INFO - GET /scan/status/a68bac64-02f3-48ed-aaf2-e445acfd0781 - Status: 200 - Duration: 0.20ms
2026-02-14 11:15:06,261 - vulnsight - INFO - GET /scan/status/a68bac64-02f3-48ed-aaf2-e445acfd0781 - Status: 200 - Duration: 0.68ms
2026-02-14 11:15:08,267 - vulnsight - INFO - GET /scan/status/a68bac64-02f3-48ed-aaf2-e445acfd0781 - Status: 200 - Duration: 0.56ms
2026-02-14 11:15:10,275 - vulnsight - INFO - GET /scan/status/a68bac64-02f3-48ed-aaf2-e445acfd0781 - Status: 200 - Duration: 0.61ms
2026-02-14 11:15:12,283 - vulnsight - INFO - GET /scan/status/a68bac64-02f3-48ed-aaf2-e445acfd0781 - Status: 200 - Duration: 0.69ms
2026-02-14 11:15:14,291 - vulnsight - INFO - GET /scan/status/a68bac64-02f3-48ed-aaf2-e445acfd0781 - Status: 200 - Duration: 0.25ms
2026-02-14 11:15:16,301 - vulnsight - INFO - GET /scan/status/a68bac64-02f3-48ed-aaf2-e445acfd0781 - Status: 200 - Duration: 0.56ms
2026-02-14 11:15:18,311 - vulnsight - INFO - GET /scan/status/a68bac64-02f3-48ed-aaf2-e445acfd0781 - Status: 200 - Duration: 0.61ms
2026-02-14 11:15:20,322 - vulnsight - INFO - GET /scan/status/a68bac64-02f3-48ed-aaf2-e445acfd0781 - Status: 200 - Duration: 0.61ms
2026-02-14 11:15:22,330 - vulnsight - INFO - GET /scan/status/a68bac64-02f3-48ed-aaf2-e445acfd0781 - Status: 200 - Duration: 0.63ms
2026-02-14 11:15:24,337 - vulnsight - INFO - GET /scan/status/a68bac64-02f3-48ed-aaf2-e445acfd0781 - Status: 200 - Duration: 0.83ms
2026-02-14 11:15:26,150 - app.scanners.nmap_adapter - INFO - Nmap scan completed for scanme.nmap.org
2026-02-14 11:15:26,154 - app.scanners.nmap_adapter - INFO - Nmap parsing finished: Found 117 vulnerabilities for scanme.nmap.org
2026-02-14 11:15:26,348 - vulnsight - INFO - GET /scan/status/a68bac64-02f3-48ed-aaf2-e445acfd0781 - Status: 200 - Duration: 0.24ms
2026-02-14 11:15:28,366 - vulnsight - INFO - GET /scan/status/a68bac64-02f3-48ed-aaf2-e445acfd0781 - Status: 200 - Duration: 1.57ms
2026-02-14 11:15:30,371 - vulnsight - INFO - GET /scan/status/a68bac64-02f3-48ed-aaf2-e445acfd0781 - Status: 200 - Duration: 0.51ms
2026-02-14 11:15:32,386 - vulnsight - INFO - GET /scan/status/a68bac64-02f3-48ed-aaf2-e445acfd0781 - Status: 200 - Duration: 0.62ms
2026-02-14 11:15:34,394 - vulnsight - INFO - GET /scan/status/a68bac64-02f3-48ed-aaf2-e445acfd0781 - Status: 200 - Duration: 0.52ms
2026-02-14 11:15:36,411 - vulnsight - INFO - GET /scan/status/a68bac64-02f3-48ed-aaf2-e445acfd0781 - Status: 200 - Duration: 0.82ms
2026-02-14 11:15:38,426 - vulnsight - INFO - GET /scan/status/a68bac64-02f3-48ed-aaf2-e445acfd0781 - Status: 200 - Duration: 0.79ms
2026-02-14 11:15:40,438 - vulnsight - INFO - GET /scan/status/a68bac64-02f3-48ed-aaf2-e445acfd0781 - Status: 200 - Duration: 1.31ms
2026-02-14 11:15:42,447 - vulnsight - INFO - GET /scan/status/a68bac64-02f3-48ed-aaf2-e445acfd0781 - Status: 200 - Duration: 0.62ms
2026-02-14 11:15:44,452 - vulnsight - INFO - GET /scan/status/a68bac64-02f3-48ed-aaf2-e445acfd0781 - Status: 200 - Duration: 0.21ms
2026-02-14 11:15:46,467 - vulnsight - INFO - GET /scan/status/a68bac64-02f3-48ed-aaf2-e445acfd0781 - Status: 200 - Duration: 0.82ms
2026-02-14 11:15:48,473 - vulnsight - INFO - GET /scan/status/a68bac64-02f3-48ed-aaf2-e445acfd0781 - Status: 200 - Duration: 0.56ms
2026-02-14 11:15:50,479 - vulnsight - INFO - GET /scan/status/a68bac64-02f3-48ed-aaf2-e445acfd0781 - Status: 200 - Duration: 0.67ms
2026-02-14 11:15:52,493 - vulnsight - INFO - GET /scan/status/a68bac64-02f3-48ed-aaf2-e445acfd0781 - Status: 200 - Duration: 0.62ms
2026-02-14 11:15:54,506 - vulnsight - INFO - GET /scan/status/a68bac64-02f3-48ed-aaf2-e445acfd0781 - Status: 200 - Duration: 0.29ms
2026-02-14 11:17:40,719 - vulnsight - INFO - GET /scan/status/a68bac64-02f3-48ed-aaf2-e445acfd0781 - Status: 200 - Duration: 0.30ms
2026-02-14 11:17:42,736 - vulnsight - INFO - GET /scan/status/a68bac64-02f3-48ed-aaf2-e445acfd0781 - Status: 200 - Duration: 0.63ms
2026-02-14 11:17:44,748 - vulnsight - INFO - GET /scan/status/a68bac64-02f3-48ed-aaf2-e445acfd0781 - Status: 200 - Duration: 0.49ms
2026-02-14 11:17:46,762 - vulnsight - INFO - GET /scan/status/a68bac64-02f3-48ed-aaf2-e445acfd0781 - Status: 200 - Duration: 0.24ms
2026-02-14 11:17:48,777 - vulnsight - INFO - GET /scan/status/a68bac64-02f3-48ed-aaf2-e445acfd0781 - Status: 200 - Duration: 0.62ms
2026-02-14 11:17:50,795 - vulnsight - INFO - GET /scan/status/a68bac64-02f3-48ed-aaf2-e445acfd0781 - Status: 200 - Duration: 2.17ms
2026-02-14 11:17:52,810 - vulnsight - INFO - GET /scan/status/a68bac64-02f3-48ed-aaf2-e445acfd0781 - Status: 200 - Duration: 0.80ms
2026-02-14 11:17:54,824 - vulnsight - INFO - GET /scan/status/a68bac64-02f3-48ed-aaf2-e445acfd0781 - Status: 200 - Duration: 0.59ms
2026-02-14 11:17:56,833 - vulnsight - INFO - GET /scan/status/a68bac64-02f3-48ed-aaf2-e445acfd0781 - Status: 200 - Duration: 0.29ms
2026-02-14 11:17:58,849 - vulnsight - INFO - GET /scan/status/a68bac64-02f3-48ed-aaf2-e445acfd0781 - Status: 200 - Duration: 0.60ms
2026-02-14 11:18:00,864 - vulnsight - INFO - GET /scan/status/a68bac64-02f3-48ed-aaf2-e445acfd0781 - Status: 200 - Duration: 0.69ms
2026-02-14 11:18:02,880 - vulnsight - INFO - GET /scan/status/a68bac64-02f3-48ed-aaf2-e445acfd0781 - Status: 200 - Duration: 0.68ms
2026-02-14 11:18:04,888 - vulnsight - INFO - GET /scan/status/a68bac64-02f3-48ed-aaf2-e445acfd0781 - Status: 200 - Duration: 0.58ms
2026-02-14 11:18:06,903 - vulnsight - INFO - GET /scan/status/a68bac64-02f3-48ed-aaf2-e445acfd0781 - Status: 200 - Duration: 0.58ms
2026-02-14 11:18:08,919 - vulnsight - INFO - GET /scan/status/a68bac64-02f3-48ed-aaf2-e445acfd0781 - Status: 200 - Duration: 0.58ms
2026-02-14 11:18:10,927 - vulnsight - INFO - GET /scan/status/a68bac64-02f3-48ed-aaf2-e445acfd0781 - Status: 200 - Duration: 0.59ms
2026-02-14 11:18:12,941 - vulnsight - INFO - GET /scan/status/a68bac64-02f3-48ed-aaf2-e445acfd0781 - Status: 200 - Duration: 0.62ms
2026-02-14 11:18:14,954 - vulnsight - INFO - GET /scan/status/a68bac64-02f3-48ed-aaf2-e445acfd0781 - Status: 200 - Duration: 0.63ms
2026-02-14 11:18:16,963 - vulnsight - INFO - GET /scan/status/a68bac64-02f3-48ed-aaf2-e445acfd0781 - Status: 200 - Duration: 0.62ms
2026-02-14 11:18:18,979 - vulnsight - INFO - GET /scan/status/a68bac64-02f3-48ed-aaf2-e445acfd0781 - Status: 200 - Duration: 0.77ms
2026-02-14 11:18:20,990 - vulnsight - INFO - GET /scan/status/a68bac64-02f3-48ed-aaf2-e445acfd0781 - Status: 200 - Duration: 0.32ms
2026-02-14 11:18:23,006 - vulnsight - INFO - GET /scan/status/a68bac64-02f3-48ed-aaf2-e445acfd0781 - Status: 200 - Duration: 0.65ms
2026-02-14 11:18:25,020 - vulnsight - INFO - GET /scan/status/a68bac64-02f3-48ed-aaf2-e445acfd0781 - Status: 200 - Duration: 0.62ms
2026-02-14 11:18:27,029 - vulnsight - INFO - GET /scan/status/a68bac64-02f3-48ed-aaf2-e445acfd0781 - Status: 200 - Duration: 0.63ms
2026-02-14 11:21:31,654 - vulnsight - INFO - GET /scan/status/a68bac64-02f3-48ed-aaf2-e445acfd0781 - Status: 200 - Duration: 0.63ms
2026-02-14 11:21:33,661 - vulnsight - INFO - GET /scan/status/a68bac64-02f3-48ed-aaf2-e445acfd0781 - Status: 200 - Duration: 0.80ms
2026-02-14 11:21:35,672 - vulnsight - INFO - GET /scan/status/a68bac64-02f3-48ed-aaf2-e445acfd0781 - Status: 200 - Duration: 0.61ms
2026-02-14 11:21:37,687 - vulnsight - INFO - GET /scan/status/a68bac64-02f3-48ed-aaf2-e445acfd0781 - Status: 200 - Duration: 0.89ms
2026-02-14 11:21:39,695 - vulnsight - INFO - GET /scan/status/a68bac64-02f3-48ed-aaf2-e445acfd0781 - Status: 200 - Duration: 0.61ms
2026-02-14 11:21:41,708 - vulnsight - INFO - GET /scan/status/a68bac64-02f3-48ed-aaf2-e445acfd0781 - Status: 200 - Duration: 0.62ms
2026-02-14 11:21:43,718 - vulnsight - INFO - GET /scan/status/a68bac64-02f3-48ed-aaf2-e445acfd0781 - Status: 200 - Duration: 0.76ms
2026-02-14 11:21:45,725 - vulnsight - INFO - GET /scan/status/a68bac64-02f3-48ed-aaf2-e445acfd0781 - Status: 200 - Duration: 0.63ms
2026-02-14 11:21:47,732 - vulnsight - INFO - GET /scan/status/a68bac64-02f3-48ed-aaf2-e445acfd0781 - Status: 200 - Duration: 0.61ms
2026-02-14 11:21:49,738 - vulnsight - INFO - GET /scan/status/a68bac64-02f3-48ed-aaf2-e445acfd0781 - Status: 200 - Duration: 0.30ms
2026-02-14 11:21:51,751 - vulnsight - INFO - GET /scan/status/a68bac64-02f3-48ed-aaf2-e445acfd0781 - Status: 200 - Duration: 0.54ms
2026-02-14 11:21:53,755 - vulnsight - INFO - GET /scan/status/a68bac64-02f3-48ed-aaf2-e445acfd0781 - Status: 200 - Duration: 0.18ms
2026-02-14 11:21:55,770 - vulnsight - INFO - GET /scan/status/a68bac64-02f3-48ed-aaf2-e445acfd0781 - Status: 200 - Duration: 0.81ms
2026-02-14 11:21:57,780 - vulnsight - INFO - GET /scan/status/a68bac64-02f3-48ed-aaf2-e445acfd0781 - Status: 200 - Duration: 0.64ms
2026-02-14 11:21:59,791 - vulnsight - INFO - GET /scan/status/a68bac64-02f3-48ed-aaf2-e445acfd0781 - Status: 200 - Duration: 0.86ms
2026-02-14 11:22:01,797 - vulnsight - INFO - GET /scan/status/a68bac64-02f3-48ed-aaf2-e445acfd0781 - Status: 200 - Duration: 0.61ms
2026-02-14 11:22:03,810 - vulnsight - INFO - GET /scan/status/a68bac64-02f3-48ed-aaf2-e445acfd0781 - Status: 200 - Duration: 0.58ms
2026-02-14 11:22:05,820 - vulnsight - INFO - GET /scan/status/a68bac64-02f3-48ed-aaf2-e445acfd0781 - Status: 200 - Duration: 0.61ms
2026-02-14 11:22:07,828 - vulnsight - INFO - GET /scan/status/a68bac64-02f3-48ed-aaf2-e445acfd0781 - Status: 200 - Duration: 0.61ms
2026-02-14 11:22:09,840 - vulnsight - INFO - GET /scan/status/a68bac64-02f3-48ed-aaf2-e445acfd0781 - Status: 200 - Duration: 0.67ms
2026-02-14 11:22:11,846 - vulnsight - INFO - GET /scan/status/a68bac64-02f3-48ed-aaf2-e445acfd0781 - Status: 200 - Duration: 0.70ms
2026-02-14 11:22:13,859 - vulnsight - INFO - GET /scan/status/a68bac64-02f3-48ed-aaf2-e445acfd0781 - Status: 200 - Duration: 0.56ms
2026-02-14 11:22:15,869 - vulnsight - INFO - GET /scan/status/a68bac64-02f3-48ed-aaf2-e445acfd0781 - Status: 200 - Duration: 0.62ms
2026-02-14 11:24:07,014 - vulnsight - INFO - GET /scan/status/a68bac64-02f3-48ed-aaf2-e445acfd0781 - Status: 200 - Duration: 0.67ms
2026-02-14 11:24:09,026 - vulnsight - INFO - GET /scan/status/a68bac64-02f3-48ed-aaf2-e445acfd0781 - Status: 200 - Duration: 1.01ms
2026-02-14 11:24:11,034 - vulnsight - INFO - GET /scan/status/a68bac64-02f3-48ed-aaf2-e445acfd0781 - Status: 200 - Duration: 0.55ms
2026-02-14 11:24:13,040 - vulnsight - INFO - GET /scan/status/a68bac64-02f3-48ed-aaf2-e445acfd0781 - Status: 200 - Duration: 0.55ms
2026-02-14 11:24:15,051 - vulnsight - INFO - GET /scan/status/a68bac64-02f3-48ed-aaf2-e445acfd0781 - Status: 200 - Duration: 0.70ms
2026-02-14 11:24:17,062 - vulnsight - INFO - GET /scan/status/a68bac64-02f3-48ed-aaf2-e445acfd0781 - Status: 200 - Duration: 0.49ms
2026-02-14 11:24:19,076 - vulnsight - INFO - GET /scan/status/a68bac64-02f3-48ed-aaf2-e445acfd0781 - Status: 200 - Duration: 0.61ms
2026-02-14 11:24:21,084 - vulnsight - INFO - GET /scan/status/a68bac64-02f3-48ed-aaf2-e445acfd0781 - Status: 200 - Duration: 0.58ms
2026-02-14 11:24:23,100 - vulnsight - INFO - GET /scan/status/a68bac64-02f3-48ed-aaf2-e445acfd0781 - Status: 200 - Duration: 0.63ms
2026-02-14 11:24:25,108 - vulnsight - INFO - GET /scan/status/a68bac64-02f3-48ed-aaf2-e445acfd0781 - Status: 200 - Duration: 0.59ms
2026-02-14 11:24:27,124 - vulnsight - INFO - GET /scan/status/a68bac64-02f3-48ed-aaf2-e445acfd0781 - Status: 200 - Duration: 0.61ms
2026-02-14 11:24:29,139 - vulnsight - INFO - GET /scan/status/a68bac64-02f3-48ed-aaf2-e445acfd0781 - Status: 200 - Duration: 0.57ms
2026-02-14 11:24:31,166 - vulnsight - INFO - GET /scan/status/a68bac64-02f3-48ed-aaf2-e445acfd0781 - Status: 200 - Duration: 5.15ms
2026-02-14 11:24:33,186 - vulnsight - INFO - GET /scan/status/a68bac64-02f3-48ed-aaf2-e445acfd0781 - Status: 200 - Duration: 0.73ms
2026-02-14 11:24:35,199 - vulnsight - INFO - GET /scan/status/a68bac64-02f3-48ed-aaf2-e445acfd0781 - Status: 200 - Duration: 0.60ms
2026-02-14 11:24:37,205 - vulnsight - INFO - GET /scan/status/a68bac64-02f3-48ed-aaf2-e445acfd0781 - Status: 200 - Duration: 0.65ms
2026-02-14 11:24:39,211 - vulnsight - INFO - GET /scan/status/a68bac64-02f3-48ed-aaf2-e445acfd0781 - Status: 200 - Duration: 0.74ms
2026-02-14 11:24:41,225 - vulnsight - INFO - GET /scan/status/a68bac64-02f3-48ed-aaf2-e445acfd0781 - Status: 200 - Duration: 0.66ms
2026-02-14 11:24:43,237 - vulnsight - INFO - GET /scan/status/a68bac64-02f3-48ed-aaf2-e445acfd0781 - Status: 200 - Duration: 0.59ms
2026-02-14 11:24:45,244 - vulnsight - INFO - GET /scan/status/a68bac64-02f3-48ed-aaf2-e445acfd0781 - Status: 200 - Duration: 0.61ms
2026-02-14 11:24:47,254 - vulnsight - INFO - GET /scan/status/a68bac64-02f3-48ed-aaf2-e445acfd0781 - Status: 200 - Duration: 0.61ms
2026-02-14 11:24:49,265 - vulnsight - INFO - GET /scan/status/a68bac64-02f3-48ed-aaf2-e445acfd0781 - Status: 200 - Duration: 0.69ms
2026-02-14 11:24:51,278 - vulnsight - INFO - GET /scan/status/a68bac64-02f3-48ed-aaf2-e445acfd0781 - Status: 200 - Duration: 0.16ms
2026-02-14 11:26:22,834 - vulnsight - INFO - GET /scan/status/a68bac64-02f3-48ed-aaf2-e445acfd0781 - Status: 200 - Duration: 0.71ms
2026-02-14 11:26:24,851 - vulnsight - INFO - GET /scan/status/a68bac64-02f3-48ed-aaf2-e445acfd0781 - Status: 200 - Duration: 0.61ms
2026-02-14 11:26:26,868 - vulnsight - INFO - GET /scan/status/a68bac64-02f3-48ed-aaf2-e445acfd0781 - Status: 200 - Duration: 0.83ms
2026-02-14 11:26:28,883 - vulnsight - INFO - GET /scan/status/a68bac64-02f3-48ed-aaf2-e445acfd0781 - Status: 200 - Duration: 0.37ms
2026-02-14 11:26:30,899 - vulnsight - INFO - GET /scan/status/a68bac64-02f3-48ed-aaf2-e445acfd0781 - Status: 200 - Duration: 0.78ms
2026-02-14 11:26:32,906 - vulnsight - INFO - GET /scan/status/a68bac64-02f3-48ed-aaf2-e445acfd0781 - Status: 200 - Duration: 0.58ms
2026-02-14 11:26:34,915 - vulnsight - INFO - GET /scan/status/a68bac64-02f3-48ed-aaf2-e445acfd0781 - Status: 200 - Duration: 0.87ms
2026-02-14 11:26:36,925 - vulnsight - INFO - GET /scan/status/a68bac64-02f3-48ed-aaf2-e445acfd0781 - Status: 200 - Duration: 0.60ms
2026-02-14 11:26:38,938 - vulnsight - INFO - GET /scan/status/a68bac64-02f3-48ed-aaf2-e445acfd0781 - Status: 200 - Duration: 0.23ms
2026-02-14 11:26:40,953 - vulnsight - INFO - GET /scan/status/a68bac64-02f3-48ed-aaf2-e445acfd0781 - Status: 200 - Duration: 0.58ms
2026-02-14 11:26:42,959 - vulnsight - INFO - GET /scan/status/a68bac64-02f3-48ed-aaf2-e445acfd0781 - Status: 200 - Duration: 0.60ms
2026-02-14 11:26:44,973 - vulnsight - INFO - GET /scan/status/a68bac64-02f3-48ed-aaf2-e445acfd0781 - Status: 200 - Duration: 0.79ms
2026-02-14 11:26:46,978 - vulnsight - INFO - GET /scan/status/a68bac64-02f3-48ed-aaf2-e445acfd0781 - Status: 200 - Duration: 0.62ms
2026-02-14 11:26:48,985 - vulnsight - INFO - GET /scan/status/a68bac64-02f3-48ed-aaf2-e445acfd0781 - Status: 200 - Duration: 0.29ms
2026-02-14 11:26:51,000 - vulnsight - INFO - GET /scan/status/a68bac64-02f3-48ed-aaf2-e445acfd0781 - Status: 200 - Duration: 0.71ms
2026-02-14 11:26:53,010 - vulnsight - INFO - GET /scan/status/a68bac64-02f3-48ed-aaf2-e445acfd0781 - Status: 200 - Duration: 0.60ms
2026-02-14 11:26:55,024 - vulnsight - INFO - GET /scan/status/a68bac64-02f3-48ed-aaf2-e445acfd0781 - Status: 200 - Duration: 0.84ms
2026-02-14 11:26:57,037 - vulnsight - INFO - GET /scan/status/a68bac64-02f3-48ed-aaf2-e445acfd0781 - Status: 200 - Duration: 0.59ms
2026-02-14 11:26:59,052 - vulnsight - INFO - GET /scan/status/a68bac64-02f3-48ed-aaf2-e445acfd0781 - Status: 200 - Duration: 0.56ms
2026-02-14 11:27:01,060 - vulnsight - INFO - GET /scan/status/a68bac64-02f3-48ed-aaf2-e445acfd0781 - Status: 200 - Duration: 0.50ms
2026-02-14 11:27:03,075 - vulnsight - INFO - GET /scan/status/a68bac64-02f3-48ed-aaf2-e445acfd0781 - Status: 200 - Duration: 0.57ms
2026-02-14 11:27:05,089 - vulnsight - INFO - GET /scan/status/a68bac64-02f3-48ed-aaf2-e445acfd0781 - Status: 200 - Duration: 0.72ms
2026-02-14 11:27:07,096 - vulnsight - INFO - GET /scan/status/a68bac64-02f3-48ed-aaf2-e445acfd0781 - Status: 200 - Duration: 0.59ms
2026-02-14 11:27:09,106 - vulnsight - INFO - GET /scan/status/a68bac64-02f3-48ed-aaf2-e445acfd0781 - Status: 200 - Duration: 0.58ms
2026-02-14 11:32:52,987 - vulnsight - INFO - GET /scan/status/a68bac64-02f3-48ed-aaf2-e445acfd0781 - Status: 200 - Duration: 0.61ms
2026-02-14 11:32:54,998 - vulnsight - INFO - GET /scan/status/a68bac64-02f3-48ed-aaf2-e445acfd0781 - Status: 200 - Duration: 0.47ms
2026-02-14 11:32:55,514 - app.scanners.nuclei_adapter - INFO - Nuclei scan completed for scanme.nmap.org
2026-02-14 11:32:55,515 - app.scanners.nuclei_adapter - INFO - Nuclei parsing finished: Found 28 vulnerabilities for scanme.nmap.org
2026-02-14 11:32:57,010 - vulnsight - INFO - GET /scan/status/a68bac64-02f3-48ed-aaf2-e445acfd0781 - Status: 200 - Duration: 0.79ms
2026-02-14 11:32:59,025 - vulnsight - INFO - GET /scan/status/a68bac64-02f3-48ed-aaf2-e445acfd0781 - Status: 200 - Duration: 0.55ms
2026-02-14 11:33:01,037 - vulnsight - INFO - GET /scan/status/a68bac64-02f3-48ed-aaf2-e445acfd0781 - Status: 200 - Duration: 0.62ms
2026-02-14 11:33:03,048 - vulnsight - INFO - GET /scan/status/a68bac64-02f3-48ed-aaf2-e445acfd0781 - Status: 200 - Duration: 0.56ms
2026-02-14 11:33:05,056 - vulnsight - INFO - GET /scan/status/a68bac64-02f3-48ed-aaf2-e445acfd0781 - Status: 200 - Duration: 0.60ms
2026-02-14 11:33:07,072 - vulnsight - INFO - GET /scan/status/a68bac64-02f3-48ed-aaf2-e445acfd0781 - Status: 200 - Duration: 0.62ms
2026-02-14 11:33:09,083 - vulnsight - INFO - GET /scan/status/a68bac64-02f3-48ed-aaf2-e445acfd0781 - Status: 200 - Duration: 0.61ms
2026-02-14 11:33:11,098 - vulnsight - INFO - GET /scan/status/a68bac64-02f3-48ed-aaf2-e445acfd0781 - Status: 200 - Duration: 0.61ms
2026-02-14 11:33:13,113 - vulnsight - INFO - GET /scan/status/a68bac64-02f3-48ed-aaf2-e445acfd0781 - Status: 200 - Duration: 0.58ms
2026-02-14 11:33:15,123 - vulnsight - INFO - GET /scan/status/a68bac64-02f3-48ed-aaf2-e445acfd0781 - Status: 200 - Duration: 0.66ms
2026-02-14 11:33:17,137 - vulnsight - INFO - GET /scan/status/a68bac64-02f3-48ed-aaf2-e445acfd0781 - Status: 200 - Duration: 0.76ms
2026-02-14 11:33:19,150 - vulnsight - INFO - GET /scan/status/a68bac64-02f3-48ed-aaf2-e445acfd0781 - Status: 200 - Duration: 0.60ms
2026-02-14 11:33:21,160 - vulnsight - INFO - GET /scan/status/a68bac64-02f3-48ed-aaf2-e445acfd0781 - Status: 200 - Duration: 0.68ms
2026-02-14 11:33:23,171 - vulnsight - INFO - GET /scan/status/a68bac64-02f3-48ed-aaf2-e445acfd0781 - Status: 200 - Duration: 0.61ms
2026-02-14 11:33:25,179 - vulnsight - INFO - GET /scan/status/a68bac64-02f3-48ed-aaf2-e445acfd0781 - Status: 200 - Duration: 0.62ms
2026-02-14 11:33:27,190 - vulnsight - INFO - GET /scan/status/a68bac64-02f3-48ed-aaf2-e445acfd0781 - Status: 200 - Duration: 0.81ms
2026-02-14 11:33:29,203 - vulnsight - INFO - GET /scan/status/a68bac64-02f3-48ed-aaf2-e445acfd0781 - Status: 200 - Duration: 0.83ms
2026-02-14 11:33:31,215 - vulnsight - INFO - GET /scan/status/a68bac64-02f3-48ed-aaf2-e445acfd0781 - Status: 200 - Duration: 0.83ms
2026-02-14 11:33:33,223 - vulnsight - INFO - GET /scan/status/a68bac64-02f3-48ed-aaf2-e445acfd0781 - Status: 200 - Duration: 0.58ms
2026-02-14 11:33:35,229 - vulnsight - INFO - GET /scan/status/a68bac64-02f3-48ed-aaf2-e445acfd0781 - Status: 200 - Duration: 0.61ms
2026-02-14 11:33:37,238 - vulnsight - INFO - GET /scan/status/a68bac64-02f3-48ed-aaf2-e445acfd0781 - Status: 200 - Duration: 0.80ms
2026-02-14 11:41:06,206 - vulnsight - INFO - GET /scan/status/a68bac64-02f3-48ed-aaf2-e445acfd0781 - Status: 200 - Duration: 0.47ms
2026-02-14 11:41:08,222 - vulnsight - INFO - GET /scan/status/a68bac64-02f3-48ed-aaf2-e445acfd0781 - Status: 200 - Duration: 0.65ms
2026-02-14 11:41:10,230 - vulnsight - INFO - GET /scan/status/a68bac64-02f3-48ed-aaf2-e445acfd0781 - Status: 200 - Duration: 0.59ms
2026-02-14 11:41:12,241 - vulnsight - INFO - GET /scan/status/a68bac64-02f3-48ed-aaf2-e445acfd0781 - Status: 200 - Duration: 0.63ms
2026-02-14 11:41:14,252 - vulnsight - INFO - GET /scan/status/a68bac64-02f3-48ed-aaf2-e445acfd0781 - Status: 200 - Duration: 0.66ms
2026-02-14 11:41:16,267 - vulnsight - INFO - GET /scan/status/a68bac64-02f3-48ed-aaf2-e445acfd0781 - Status: 200 - Duration: 0.61ms
2026-02-14 11:41:18,281 - vulnsight - INFO - GET /scan/status/a68bac64-02f3-48ed-aaf2-e445acfd0781 - Status: 200 - Duration: 0.68ms
2026-02-14 11:41:20,291 - vulnsight - INFO - GET /scan/status/a68bac64-02f3-48ed-aaf2-e445acfd0781 - Status: 200 - Duration: 0.17ms
2026-02-14 11:41:22,306 - vulnsight - INFO - GET /scan/status/a68bac64-02f3-48ed-aaf2-e445acfd0781 - Status: 200 - Duration: 0.66ms
2026-02-14 11:41:24,316 - vulnsight - INFO - GET /scan/status/a68bac64-02f3-48ed-aaf2-e445acfd0781 - Status: 200 - Duration: 0.28ms
2026-02-14 11:41:26,326 - vulnsight - INFO - GET /scan/status/a68bac64-02f3-48ed-aaf2-e445acfd0781 - Status: 200 - Duration: 0.81ms
2026-02-14 11:41:28,341 - vulnsight - INFO - GET /scan/status/a68bac64-02f3-48ed-aaf2-e445acfd0781 - Status: 200 - Duration: 0.88ms
2026-02-14 11:41:30,358 - vulnsight - INFO - GET /scan/status/a68bac64-02f3-48ed-aaf2-e445acfd0781 - Status: 200 - Duration: 0.77ms
2026-02-14 11:41:32,372 - vulnsight - INFO - GET /scan/status/a68bac64-02f3-48ed-aaf2-e445acfd0781 - Status: 200 - Duration: 0.57ms
2026-02-14 11:41:34,378 - vulnsight - INFO - GET /scan/status/a68bac64-02f3-48ed-aaf2-e445acfd0781 - Status: 200 - Duration: 0.58ms
2026-02-14 11:41:36,384 - vulnsight - INFO - GET /scan/status/a68bac64-02f3-48ed-aaf2-e445acfd0781 - Status: 200 - Duration: 0.62ms
2026-02-14 11:41:38,401 - vulnsight - INFO - GET /scan/status/a68bac64-02f3-48ed-aaf2-e445acfd0781 - Status: 200 - Duration: 0.62ms
2026-02-14 11:41:40,408 - vulnsight - INFO - GET /scan/status/a68bac64-02f3-48ed-aaf2-e445acfd0781 - Status: 200 - Duration: 0.54ms
2026-02-14 11:41:42,419 - vulnsight - INFO - GET /scan/status/a68bac64-02f3-48ed-aaf2-e445acfd0781 - Status: 200 - Duration: 0.55ms
2026-02-14 11:41:44,426 - vulnsight - INFO - GET /scan/status/a68bac64-02f3-48ed-aaf2-e445acfd0781 - Status: 200 - Duration: 0.61ms
2026-02-14 11:41:46,443 - vulnsight - INFO - GET /scan/status/a68bac64-02f3-48ed-aaf2-e445acfd0781 - Status: 200 - Duration: 0.86ms
2026-02-14 11:41:48,455 - vulnsight - INFO - GET /scan/status/a68bac64-02f3-48ed-aaf2-e445acfd0781 - Status: 200 - Duration: 0.62ms
2026-02-14 11:41:50,471 - vulnsight - INFO - GET /scan/status/a68bac64-02f3-48ed-aaf2-e445acfd0781 - Status: 200 - Duration: 0.79ms
2026-02-14 11:45:15,296 - vulnsight - INFO - GET /scan/status/a68bac64-02f3-48ed-aaf2-e445acfd0781 - Status: 200 - Duration: 0.34ms
2026-02-14 11:45:17,311 - vulnsight - INFO - GET /scan/status/a68bac64-02f3-48ed-aaf2-e445acfd0781 - Status: 200 - Duration: 0.61ms
2026-02-14 11:45:19,317 - vulnsight - INFO - GET /scan/status/a68bac64-02f3-48ed-aaf2-e445acfd0781 - Status: 200 - Duration: 0.57ms
2026-02-14 11:45:21,324 - vulnsight - INFO - GET /scan/status/a68bac64-02f3-48ed-aaf2-e445acfd0781 - Status: 200 - Duration: 0.44ms
2026-02-14 11:45:23,340 - vulnsight - INFO - GET /scan/status/a68bac64-02f3-48ed-aaf2-e445acfd0781 - Status: 200 - Duration: 0.64ms
2026-02-14 11:45:25,354 - vulnsight - INFO - GET /scan/status/a68bac64-02f3-48ed-aaf2-e445acfd0781 - Status: 200 - Duration: 0.47ms
2026-02-14 11:45:27,369 - vulnsight - INFO - GET /scan/status/a68bac64-02f3-48ed-aaf2-e445acfd0781 - Status: 200 - Duration: 0.67ms
2026-02-14 11:45:29,381 - vulnsight - INFO - GET /scan/status/a68bac64-02f3-48ed-aaf2-e445acfd0781 - Status: 200 - Duration: 0.58ms
2026-02-14 11:45:31,390 - vulnsight - INFO - GET /scan/status/a68bac64-02f3-48ed-aaf2-e445acfd0781 - Status: 200 - Duration: 0.31ms
2026-02-14 11:45:33,404 - vulnsight - INFO - GET /scan/status/a68bac64-02f3-48ed-aaf2-e445acfd0781 - Status: 200 - Duration: 0.59ms
2026-02-14 11:45:35,411 - vulnsight - INFO - GET /scan/status/a68bac64-02f3-48ed-aaf2-e445acfd0781 - Status: 200 - Duration: 0.63ms
2026-02-14 11:45:37,422 - vulnsight - INFO - GET /scan/status/a68bac64-02f3-48ed-aaf2-e445acfd0781 - Status: 200 - Duration: 0.82ms
2026-02-14 11:45:39,436 - vulnsight - INFO - GET /scan/status/a68bac64-02f3-48ed-aaf2-e445acfd0781 - Status: 200 - Duration: 0.57ms
2026-02-14 11:45:41,449 - vulnsight - INFO - GET /scan/status/a68bac64-02f3-48ed-aaf2-e445acfd0781 - Status: 200 - Duration: 0.33ms
2026-02-14 11:45:43,464 - vulnsight - INFO - GET /scan/status/a68bac64-02f3-48ed-aaf2-e445acfd0781 - Status: 200 - Duration: 0.50ms
2026-02-14 11:45:45,475 - vulnsight - INFO - GET /scan/status/a68bac64-02f3-48ed-aaf2-e445acfd0781 - Status: 200 - Duration: 0.59ms
2026-02-14 11:45:47,488 - vulnsight - INFO - GET /scan/status/a68bac64-02f3-48ed-aaf2-e445acfd0781 - Status: 200 - Duration: 0.60ms
2026-02-14 11:45:49,496 - vulnsight - INFO - GET /scan/status/a68bac64-02f3-48ed-aaf2-e445acfd0781 - Status: 200 - Duration: 0.92ms
2026-02-14 11:45:51,512 - vulnsight - INFO - GET /scan/status/a68bac64-02f3-48ed-aaf2-e445acfd0781 - Status: 200 - Duration: 0.57ms
2026-02-14 11:45:53,522 - vulnsight - INFO - GET /scan/status/a68bac64-02f3-48ed-aaf2-e445acfd0781 - Status: 200 - Duration: 0.84ms
2026-02-14 11:45:55,532 - vulnsight - INFO - GET /scan/status/a68bac64-02f3-48ed-aaf2-e445acfd0781 - Status: 200 - Duration: 0.60ms
2026-02-14 11:45:57,541 - vulnsight - INFO - GET /scan/status/a68bac64-02f3-48ed-aaf2-e445acfd0781 - Status: 200 - Duration: 0.80ms
2026-02-14 11:45:59,548 - vulnsight - INFO - GET /scan/status/a68bac64-02f3-48ed-aaf2-e445acfd0781 - Status: 200 - Duration: 0.60ms
2026-02-14 11:46:01,554 - vulnsight - INFO - GET /scan/status/a68bac64-02f3-48ed-aaf2-e445acfd0781 - Status: 200 - Duration: 0.62ms
2026-02-14 11:49:45,046 - vulnsight - INFO - GET /scan/status/a68bac64-02f3-48ed-aaf2-e445acfd0781 - Status: 200 - Duration: 0.60ms
2026-02-14 11:49:47,056 - vulnsight - INFO - GET /scan/status/a68bac64-02f3-48ed-aaf2-e445acfd0781 - Status: 200 - Duration: 0.45ms
2026-02-14 11:49:49,066 - vulnsight - INFO - GET /scan/status/a68bac64-02f3-48ed-aaf2-e445acfd0781 - Status: 200 - Duration: 0.50ms
2026-02-14 11:49:51,077 - vulnsight - INFO - GET /scan/status/a68bac64-02f3-48ed-aaf2-e445acfd0781 - Status: 200 - Duration: 0.75ms
2026-02-14 11:49:53,085 - vulnsight - INFO - GET /scan/status/a68bac64-02f3-48ed-aaf2-e445acfd0781 - Status: 200 - Duration: 0.41ms
2026-02-14 11:49:55,096 - vulnsight - INFO - GET /scan/status/a68bac64-02f3-48ed-aaf2-e445acfd0781 - Status: 200 - Duration: 0.58ms
2026-02-14 11:49:57,104 - vulnsight - INFO - GET /scan/status/a68bac64-02f3-48ed-aaf2-e445acfd0781 - Status: 200 - Duration: 0.74ms
2026-02-14 11:49:59,114 - vulnsight - INFO - GET /scan/status/a68bac64-02f3-48ed-aaf2-e445acfd0781 - Status: 200 - Duration: 0.69ms
2026-02-14 11:50:01,122 - vulnsight - INFO - GET /scan/status/a68bac64-02f3-48ed-aaf2-e445acfd0781 - Status: 200 - Duration: 0.41ms
2026-02-14 11:50:03,133 - vulnsight - INFO - GET /scan/status/a68bac64-02f3-48ed-aaf2-e445acfd0781 - Status: 200 - Duration: 0.64ms
2026-02-14 11:50:05,144 - vulnsight - INFO - GET /scan/status/a68bac64-02f3-48ed-aaf2-e445acfd0781 - Status: 200 - Duration: 0.64ms
2026-02-14 11:50:07,154 - vulnsight - INFO - GET /scan/status/a68bac64-02f3-48ed-aaf2-e445acfd0781 - Status: 200 - Duration: 0.64ms
2026-02-14 11:50:08,268 - app.scanners.nikto_adapter - INFO - Nikto scan completed for scanme.nmap.org
2026-02-14 11:50:08,275 - app.scanners.nikto_adapter - INFO - Nikto parsing finished: Found 7 vulnerabilities for scanme.nmap.org
2026-02-14 11:50:08,276 - app.services.enrichment - ERROR - Enrichment failed for ['cve-2023-48795']: cannot use 'list' as a dict key (unhashable type: 'list')
2026-02-14 11:50:09,165 - vulnsight - INFO - GET /scan/status/a68bac64-02f3-48ed-aaf2-e445acfd0781 - Status: 200 - Duration: 0.66ms
2026-02-14 11:50:09,181 - vulnsight - INFO - GET /scan/report/a68bac64-02f3-48ed-aaf2-e445acfd0781 - Status: 200 - Duration: 13.69ms
2026-02-14 11:50:09,189 - vulnsight - INFO - POST /chat/query - Status: 200 - Duration: 2.99ms
2026-03-13 19:41:30,167 - vulnsight - INFO - OPTIONS /scan/start - Status: 200 - Duration: 0.79ms
2026-03-13 19:41:30,173 - vulnsight - INFO - POST /scan/start - Status: 200 - Duration: 3.38ms
2026-03-13 19:41:30,448 - app.scanners.nikto_adapter - INFO - Starting Nikto scan for www.example.com
2026-03-13 19:41:30,516 - app.scanners.nmap_adapter - INFO - Starting Nmap scan for www.example.com
2026-03-13 19:41:31,578 - app.scanners.nuclei_adapter - INFO - Starting Nuclei scan for www.example.com
2026-03-13 19:41:32,183 - vulnsight - INFO - GET /scan/status/149bba86-0133-4f07-adcc-2379f401e122 - Status: 200 - Duration: 1.60ms
2026-03-13 19:41:34,185 - vulnsight - INFO - GET /scan/status/149bba86-0133-4f07-adcc-2379f401e122 - Status: 200 - Duration: 2.26ms
2026-03-13 19:41:36,188 - vulnsight - INFO - GET /scan/status/149bba86-0133-4f07-adcc-2379f401e122 - Status: 200 - Duration: 0.56ms
2026-03-13 19:41:38,185 - vulnsight - INFO - GET /scan/status/149bba86-0133-4f07-adcc-2379f401e122 - Status: 200 - Duration: 2.65ms
2026-03-13 19:41:40,193 - vulnsight - INFO - GET /scan/status/149bba86-0133-4f07-adcc-2379f401e122 - Status: 200 - Duration: 1.34ms
2026-03-13 19:41:42,179 - vulnsight - INFO - GET /scan/status/149bba86-0133-4f07-adcc-2379f401e122 - Status: 200 - Duration: 0.55ms
2026-03-13 19:41:44,178 - vulnsight - INFO - GET /scan/status/149bba86-0133-4f07-adcc-2379f401e122 - Status: 200 - Duration: 0.24ms
2026-03-13 19:41:46,188 - vulnsight - INFO - GET /scan/status/149bba86-0133-4f07-adcc-2379f401e122 - Status: 200 - Duration: 2.06ms
2026-03-13 19:41:48,189 - vulnsight - INFO - GET /scan/status/149bba86-0133-4f07-adcc-2379f401e122 - Status: 200 - Duration: 7.17ms
2026-03-13 19:41:50,184 - vulnsight - INFO - GET /scan/status/149bba86-0133-4f07-adcc-2379f401e122 - Status: 200 - Duration: 1.19ms
2026-03-13 19:41:52,179 - vulnsight - INFO - GET /scan/status/149bba86-0133-4f07-adcc-2379f401e122 - Status: 200 - Duration: 0.32ms
2026-03-13 19:41:54,179 - vulnsight - INFO - GET /scan/status/149bba86-0133-4f07-adcc-2379f401e122 - Status: 200 - Duration: 0.33ms
2026-03-13 19:41:56,201 - vulnsight - INFO - GET /scan/status/149bba86-0133-4f07-adcc-2379f401e122 - Status: 200 - Duration: 6.15ms
2026-03-13 19:41:58,180 - vulnsight - INFO - GET /scan/status/149bba86-0133-4f07-adcc-2379f401e122 - Status: 200 - Duration: 0.33ms
2026-03-13 19:42:00,189 - vulnsight - INFO - GET /scan/status/149bba86-0133-4f07-adcc-2379f401e122 - Status: 200 - Duration: 3.92ms
2026-03-13 19:42:02,181 - vulnsight - INFO - GET /scan/status/149bba86-0133-4f07-adcc-2379f401e122 - Status: 200 - Duration: 0.73ms
2026-03-13 19:42:04,189 - vulnsight - INFO - GET /scan/status/149bba86-0133-4f07-adcc-2379f401e122 - Status: 200 - Duration: 1.23ms
2026-03-13 19:42:06,182 - vulnsight - INFO - GET /scan/status/149bba86-0133-4f07-adcc-2379f401e122 - Status: 200 - Duration: 0.51ms
2026-03-13 19:42:08,181 - vulnsight - INFO - GET /scan/status/149bba86-0133-4f07-adcc-2379f401e122 - Status: 200 - Duration: 0.50ms
2026-03-13 19:42:10,182 - vulnsight - INFO - GET /scan/status/149bba86-0133-4f07-adcc-2379f401e122 - Status: 200 - Duration: 0.92ms
2026-03-13 19:42:12,189 - vulnsight - INFO - GET /scan/status/149bba86-0133-4f07-adcc-2379f401e122 - Status: 200 - Duration: 0.69ms
2026-03-13 19:42:14,192 - vulnsight - INFO - GET /scan/status/149bba86-0133-4f07-adcc-2379f401e122 - Status: 200 - Duration: 2.15ms
2026-03-13 19:42:16,178 - vulnsight - INFO - GET /scan/status/149bba86-0133-4f07-adcc-2379f401e122 - Status: 200 - Duration: 0.51ms
2026-03-13 19:42:17,534 - app.scanners.nmap_adapter - INFO - Nmap scan completed for www.example.com
2026-03-13 19:42:17,536 - app.scanners.nmap_adapter - INFO - Nmap parsing finished: Found 0 vulnerabilities for www.example.com
2026-03-13 19:42:19,045 - vulnsight - INFO - GET /scan/status/149bba86-0133-4f07-adcc-2379f401e122 - Status: 200 - Duration: 4.95ms
2026-03-13 19:42:21,039 - vulnsight - INFO - GET /scan/status/149bba86-0133-4f07-adcc-2379f401e122 - Status: 200 - Duration: 0.21ms
2026-03-13 19:42:23,055 - vulnsight - INFO - GET /scan/status/149bba86-0133-4f07-adcc-2379f401e122 - Status: 200 - Duration: 3.43ms
2026-03-13 19:42:25,041 - vulnsight - INFO - GET /scan/status/149bba86-0133-4f07-adcc-2379f401e122 - Status: 200 - Duration: 0.73ms
2026-03-13 19:42:27,040 - vulnsight - INFO - GET /scan/status/149bba86-0133-4f07-adcc-2379f401e122 - Status: 200 - Duration: 0.57ms
2026-03-13 19:42:29,040 - vulnsight - INFO - GET /scan/status/149bba86-0133-4f07-adcc-2379f401e122 - Status: 200 - Duration: 0.79ms
2026-03-13 19:42:31,041 - vulnsight - INFO - GET /scan/status/149bba86-0133-4f07-adcc-2379f401e122 - Status: 200 - Duration: 0.87ms
2026-03-13 19:42:33,040 - vulnsight - INFO - GET /scan/status/149bba86-0133-4f07-adcc-2379f401e122 - Status: 200 - Duration: 0.23ms
2026-03-13 19:42:35,039 - vulnsight - INFO - GET /scan/status/149bba86-0133-4f07-adcc-2379f401e122 - Status: 200 - Duration: 0.53ms
2026-03-13 19:42:37,042 - vulnsight - INFO - GET /scan/status/149bba86-0133-4f07-adcc-2379f401e122 - Status: 200 - Duration: 1.25ms
2026-03-13 19:42:39,041 - vulnsight - INFO - GET /scan/status/149bba86-0133-4f07-adcc-2379f401e122 - Status: 200 - Duration: 0.89ms
2026-03-13 19:42:41,054 - vulnsight - INFO - GET /scan/status/149bba86-0133-4f07-adcc-2379f401e122 - Status: 200 - Duration: 1.09ms
2026-03-13 19:42:43,040 - vulnsight - INFO - GET /scan/status/149bba86-0133-4f07-adcc-2379f401e122 - Status: 200 - Duration: 0.30ms
2026-03-13 19:42:45,039 - vulnsight - INFO - GET /scan/status/149bba86-0133-4f07-adcc-2379f401e122 - Status: 200 - Duration: 0.45ms
2026-03-13 19:42:47,044 - vulnsight - INFO - GET /scan/status/149bba86-0133-4f07-adcc-2379f401e122 - Status: 200 - Duration: 0.56ms
2026-03-13 19:42:49,043 - vulnsight - INFO - GET /scan/status/149bba86-0133-4f07-adcc-2379f401e122 - Status: 200 - Duration: 1.19ms
2026-03-13 19:42:51,040 - vulnsight - INFO - GET /scan/status/149bba86-0133-4f07-adcc-2379f401e122 - Status: 200 - Duration: 0.54ms
2026-03-13 19:42:53,039 - vulnsight - INFO - GET /scan/status/149bba86-0133-4f07-adcc-2379f401e122 - Status: 200 - Duration: 0.48ms
2026-03-13 19:42:55,040 - vulnsight - INFO - GET /scan/status/149bba86-0133-4f07-adcc-2379f401e122 - Status: 200 - Duration: 0.62ms
2026-03-13 19:42:57,041 - vulnsight - INFO - GET /scan/status/149bba86-0133-4f07-adcc-2379f401e122 - Status: 200 - Duration: 0.60ms
2026-03-13 19:42:59,039 - vulnsight - INFO - GET /scan/status/149bba86-0133-4f07-adcc-2379f401e122 - Status: 200 - Duration: 0.44ms
2026-03-13 19:43:01,042 - vulnsight - INFO - GET /scan/status/149bba86-0133-4f07-adcc-2379f401e122 - Status: 200 - Duration: 0.77ms
2026-03-13 19:43:03,040 - vulnsight - INFO - GET /scan/status/149bba86-0133-4f07-adcc-2379f401e122 - Status: 200 - Duration: 0.74ms
2026-03-13 19:43:05,039 - vulnsight - INFO - GET /scan/status/149bba86-0133-4f07-adcc-2379f401e122 - Status: 200 - Duration: 0.46ms
2026-03-13 19:43:07,039 - vulnsight - INFO - GET /scan/status/149bba86-0133-4f07-adcc-2379f401e122 - Status: 200 - Duration: 0.19ms
2026-03-13 19:43:09,040 - vulnsight - INFO - GET /scan/status/149bba86-0133-4f07-adcc-2379f401e122 - Status: 200 - Duration: 0.41ms
2026-03-13 19:43:11,044 - vulnsight - INFO - GET /scan/status/149bba86-0133-4f07-adcc-2379f401e122 - Status: 200 - Duration: 1.10ms
2026-03-13 19:43:13,039 - vulnsight - INFO - GET /scan/status/149bba86-0133-4f07-adcc-2379f401e122 - Status: 200 - Duration: 0.62ms
2026-03-13 19:43:15,040 - vulnsight - INFO - GET /scan/status/149bba86-0133-4f07-adcc-2379f401e122 - Status: 200 - Duration: 1.32ms
2026-03-13 19:43:17,045 - vulnsight - INFO - GET /scan/status/149bba86-0133-4f07-adcc-2379f401e122 - Status: 200 - Duration: 1.19ms
2026-03-13 19:44:16,072 - vulnsight - INFO - GET /scan/status/149bba86-0133-4f07-adcc-2379f401e122 - Status: 200 - Duration: 4.56ms
2026-03-13 19:45:17,038 - app.scanners.nuclei_adapter - INFO - Nuclei scan completed for www.example.com
2026-03-13 19:45:17,039 - app.scanners.nuclei_adapter - INFO - Nuclei parsing finished: Found 26 vulnerabilities for www.example.com
2026-03-13 19:46:04,765 - app.scanners.nikto_adapter - INFO - Nikto scan completed for www.example.com
2026-03-13 19:46:04,785 - app.scanners.nikto_adapter - INFO - Nikto parsing finished: Found 6 vulnerabilities for www.example.com
2026-03-13 19:46:05,499 - vulnsight - INFO - GET /scan/status/149bba86-0133-4f07-adcc-2379f401e122 - Status: 200 - Duration: 2.86ms
2026-03-13 19:46:05,499 - vulnsight - INFO - GET /scans - Status: 200 - Duration: 2.69ms
2026-03-13 19:46:05,504 - vulnsight - INFO - GET /scan/status/149bba86-0133-4f07-adcc-2379f401e122 - Status: 200 - Duration: 0.18ms
2026-03-13 19:46:05,508 - vulnsight - INFO - GET /scan/report/149bba86-0133-4f07-adcc-2379f401e122 - Status: 200 - Duration: 0.37ms
2026-03-13 19:46:05,509 - vulnsight - INFO - GET /scan/report/149bba86-0133-4f07-adcc-2379f401e122 - Status: 200 - Duration: 0.27ms
2026-03-13 19:46:37,499 - vulnsight - INFO - GET /scans - Status: 200 - Duration: 34.54ms
2026-03-13 19:46:37,536 - vulnsight - INFO - GET /scans - Status: 200 - Duration: 15.74ms
2026-03-13 19:47:17,195 - vulnsight - INFO - GET /scan/status/149bba86-0133-4f07-adcc-2379f401e122 - Status: 200 - Duration: 16.75ms
2026-03-13 19:47:17,198 - vulnsight - INFO - GET /scans - Status: 200 - Duration: 12.09ms
2026-03-13 19:47:17,200 - vulnsight - INFO - GET /scan/status/149bba86-0133-4f07-adcc-2379f401e122 - Status: 200 - Duration: 0.57ms
2026-03-13 19:47:17,260 - vulnsight - INFO - GET /scans - Status: 200 - Duration: 60.81ms
2026-03-13 19:47:17,262 - vulnsight - INFO - GET /scan/report/149bba86-0133-4f07-adcc-2379f401e122 - Status: 200 - Duration: 2.19ms
2026-03-13 19:47:17,264 - vulnsight - INFO - GET /scan/report/149bba86-0133-4f07-adcc-2379f401e122 - Status: 200 - Duration: 0.76ms
2026-03-13 19:47:17,670 - vulnsight - INFO - GET /scan/status/149bba86-0133-4f07-adcc-2379f401e122 - Status: 200 - Duration: 0.50ms
2026-03-13 19:47:17,676 - vulnsight - INFO - GET /scan/report/149bba86-0133-4f07-adcc-2379f401e122 - Status: 200 - Duration: 0.96ms
2026-03-13 19:47:17,942 - vulnsight - INFO - GET /scan/status/49c3323b-30b4-474c-8255-980e62724253 - Status: 200 - Duration: 1.78ms
2026-03-13 19:47:17,964 - vulnsight - INFO - GET /scan/report/49c3323b-30b4-474c-8255-980e62724253 - Status: 200 - Duration: 8.57ms
2026-03-13 19:47:19,189 - vulnsight - INFO - GET /scan/status/149bba86-0133-4f07-adcc-2379f401e122 - Status: 200 - Duration: 0.42ms
2026-03-13 19:47:19,334 - vulnsight - INFO - GET /scan/report/149bba86-0133-4f07-adcc-2379f401e122 - Status: 200 - Duration: 0.71ms
2026-03-13 19:50:44,547 - vulnsight - INFO - OPTIONS /chat/query - Status: 200 - Duration: 2.76ms
2026-03-13 19:50:44,574 - vulnsight - INFO - POST /chat/query - Status: 200 - Duration: 18.68ms
2026-03-13 19:51:01,397 - vulnsight - INFO - POST /chat/query - Status: 200 - Duration: 8.03ms
2026-03-13 19:52:33,110 - vulnsight - INFO - OPTIONS /scan/start - Status: 200 - Duration: 0.85ms
2026-03-13 19:52:33,116 - vulnsight - INFO - POST /scan/start - Status: 200 - Duration: 3.15ms
2026-03-13 19:52:33,134 - vulnsight - INFO - GET /scans - Status: 200 - Duration: 8.55ms
2026-03-13 19:52:33,140 - app.scanners.nmap_adapter - INFO - Starting Nmap scan for www.amazon.in
2026-03-13 19:52:33,240 - app.scanners.nikto_adapter - INFO - Starting Nikto scan for www.amazon.in
2026-03-13 19:52:33,363 - app.scanners.nuclei_adapter - INFO - Starting Nuclei scan for www.amazon.in
2026-03-13 19:52:35,130 - vulnsight - INFO - GET /scan/status/629197ad-b92e-411b-a88d-46638d58bb96 - Status: 200 - Duration: 1.34ms
2026-03-13 19:52:37,121 - vulnsight - INFO - GET /scan/status/629197ad-b92e-411b-a88d-46638d58bb96 - Status: 200 - Duration: 0.31ms
2026-03-13 19:52:39,142 - vulnsight - INFO - GET /scan/status/629197ad-b92e-411b-a88d-46638d58bb96 - Status: 200 - Duration: 10.92ms
2026-03-13 19:52:41,128 - vulnsight - INFO - GET /scan/status/629197ad-b92e-411b-a88d-46638d58bb96 - Status: 200 - Duration: 1.19ms
2026-03-13 19:52:43,121 - vulnsight - INFO - GET /scan/status/629197ad-b92e-411b-a88d-46638d58bb96 - Status: 200 - Duration: 0.53ms
2026-03-13 19:52:45,134 - vulnsight - INFO - GET /scan/status/629197ad-b92e-411b-a88d-46638d58bb96 - Status: 200 - Duration: 2.41ms
2026-03-13 19:52:47,120 - vulnsight - INFO - GET /scan/status/629197ad-b92e-411b-a88d-46638d58bb96 - Status: 200 - Duration: 0.37ms
2026-03-13 19:52:49,120 - vulnsight - INFO - GET /scan/status/629197ad-b92e-411b-a88d-46638d58bb96 - Status: 200 - Duration: 0.42ms
2026-03-13 19:52:51,121 - vulnsight - INFO - GET /scan/status/629197ad-b92e-411b-a88d-46638d58bb96 - Status: 200 - Duration: 0.82ms
2026-03-13 19:52:51,782 - app.scanners.nmap_adapter - INFO - Nmap scan completed for www.amazon.in
2026-03-13 19:52:51,784 - app.scanners.nmap_adapter - INFO - Nmap parsing finished: Found 0 vulnerabilities for www.amazon.in
2026-03-13 19:52:53,122 - vulnsight - INFO - GET /scan/status/629197ad-b92e-411b-a88d-46638d58bb96 - Status: 200 - Duration: 1.28ms
2026-03-13 19:52:55,121 - vulnsight - INFO - GET /scan/status/629197ad-b92e-411b-a88d-46638d58bb96 - Status: 200 - Duration: 0.75ms
2026-03-13 19:52:57,121 - vulnsight - INFO - GET /scan/status/629197ad-b92e-411b-a88d-46638d58bb96 - Status: 200 - Duration: 0.36ms
2026-03-13 19:52:57,329 - vulnsight - INFO - GET /scan/status/149bba86-0133-4f07-adcc-2379f401e122 - Status: 200 - Duration: 2.16ms
2026-03-13 19:52:57,336 - vulnsight - INFO - GET /scan/report/149bba86-0133-4f07-adcc-2379f401e122 - Status: 200 - Duration: 2.23ms
2026-03-13 19:52:59,120 - vulnsight - INFO - GET /scan/status/629197ad-b92e-411b-a88d-46638d58bb96 - Status: 200 - Duration: 0.29ms
2026-03-13 19:53:01,123 - vulnsight - INFO - GET /scan/status/629197ad-b92e-411b-a88d-46638d58bb96 - Status: 200 - Duration: 1.80ms
2026-03-13 19:53:03,121 - vulnsight - INFO - GET /scan/status/629197ad-b92e-411b-a88d-46638d58bb96 - Status: 200 - Duration: 0.57ms
2026-03-13 19:53:05,120 - vulnsight - INFO - GET /scan/status/629197ad-b92e-411b-a88d-46638d58bb96 - Status: 200 - Duration: 0.33ms
2026-03-13 19:53:05,572 - vulnsight - INFO - POST /chat/query - Status: 200 - Duration: 1.38ms
2026-03-13 19:53:07,122 - vulnsight - INFO - GET /scan/status/629197ad-b92e-411b-a88d-46638d58bb96 - Status: 200 - Duration: 0.97ms
2026-03-13 19:53:09,120 - vulnsight - INFO - GET /scan/status/629197ad-b92e-411b-a88d-46638d58bb96 - Status: 200 - Duration: 0.84ms
2026-03-13 19:53:11,212 - vulnsight - INFO - GET /scan/status/629197ad-b92e-411b-a88d-46638d58bb96 - Status: 200 - Duration: 5.69ms
2026-03-13 19:53:13,121 - vulnsight - INFO - GET /scan/status/629197ad-b92e-411b-a88d-46638d58bb96 - Status: 200 - Duration: 0.41ms
2026-03-13 19:53:15,120 - vulnsight - INFO - GET /scan/status/629197ad-b92e-411b-a88d-46638d58bb96 - Status: 200 - Duration: 0.36ms
2026-03-13 19:53:17,139 - vulnsight - INFO - GET /scan/status/629197ad-b92e-411b-a88d-46638d58bb96 - Status: 200 - Duration: 3.68ms
2026-03-13 19:53:19,120 - vulnsight - INFO - GET /scan/status/629197ad-b92e-411b-a88d-46638d58bb96 - Status: 200 - Duration: 0.27ms
2026-03-13 19:53:21,121 - vulnsight - INFO - GET /scan/status/629197ad-b92e-411b-a88d-46638d58bb96 - Status: 200 - Duration: 0.44ms
2026-03-13 19:53:21,807 - vulnsight - INFO - POST /chat/query - Status: 200 - Duration: 0.66ms
2026-03-13 19:53:23,121 - vulnsight - INFO - GET /scan/status/629197ad-b92e-411b-a88d-46638d58bb96 - Status: 200 - Duration: 0.29ms
2026-03-13 19:53:25,121 - vulnsight - INFO - GET /scan/status/629197ad-b92e-411b-a88d-46638d58bb96 - Status: 200 - Duration: 0.37ms
2026-03-13 19:53:27,129 - vulnsight - INFO - GET /scan/status/629197ad-b92e-411b-a88d-46638d58bb96 - Status: 200 - Duration: 1.23ms
2026-03-13 19:53:29,124 - vulnsight - INFO - GET /scan/status/629197ad-b92e-411b-a88d-46638d58bb96 - Status: 200 - Duration: 1.61ms
2026-03-13 19:53:31,122 - vulnsight - INFO - GET /scan/status/629197ad-b92e-411b-a88d-46638d58bb96 - Status: 200 - Duration: 0.49ms
2026-03-13 19:53:33,146 - vulnsight - INFO - GET /scan/status/629197ad-b92e-411b-a88d-46638d58bb96 - Status: 200 - Duration: 10.08ms
2026-03-13 19:53:35,125 - vulnsight - INFO - GET /scan/status/629197ad-b92e-411b-a88d-46638d58bb96 - Status: 200 - Duration: 0.70ms
2026-03-13 19:53:37,125 - vulnsight - INFO - GET /scan/status/629197ad-b92e-411b-a88d-46638d58bb96 - Status: 200 - Duration: 1.18ms
2026-03-13 19:53:39,124 - vulnsight - INFO - GET /scan/status/629197ad-b92e-411b-a88d-46638d58bb96 - Status: 200 - Duration: 1.56ms
2026-03-13 19:53:41,126 - vulnsight - INFO - GET /scan/status/629197ad-b92e-411b-a88d-46638d58bb96 - Status: 200 - Duration: 0.77ms
2026-03-13 19:53:43,121 - vulnsight - INFO - GET /scan/status/629197ad-b92e-411b-a88d-46638d58bb96 - Status: 200 - Duration: 0.46ms
2026-03-13 19:53:44,061 - vulnsight - INFO - GET /scans - Status: 200 - Duration: 19.93ms
2026-03-13 19:53:44,070 - vulnsight - INFO - GET /scans - Status: 200 - Duration: 2.43ms
2026-03-13 19:53:45,585 - vulnsight - INFO - GET /scan/status/149bba86-0133-4f07-adcc-2379f401e122 - Status: 200 - Duration: 28.05ms
2026-03-13 19:53:45,586 - vulnsight - INFO - GET /scans - Status: 200 - Duration: 13.37ms
2026-03-13 19:53:45,762 - vulnsight - INFO - GET /scan/status/149bba86-0133-4f07-adcc-2379f401e122 - Status: 200 - Duration: 174.60ms
2026-03-13 19:53:45,764 - vulnsight - INFO - GET /scans - Status: 200 - Duration: 176.61ms
2026-03-13 19:53:45,774 - vulnsight - INFO - GET /scan/report/149bba86-0133-4f07-adcc-2379f401e122 - Status: 200 - Duration: 9.84ms
2026-03-13 19:53:45,776 - vulnsight - INFO - GET /scan/report/149bba86-0133-4f07-adcc-2379f401e122 - Status: 200 - Duration: 0.98ms
2026-03-13 19:53:47,056 - vulnsight - INFO - GET /scan/status/629197ad-b92e-411b-a88d-46638d58bb96 - Status: 200 - Duration: 0.62ms
2026-03-13 19:53:48,471 - vulnsight - INFO - GET /scan/status/bb2adb9d-9cac-4d1c-aa70-b1f1a19b3424 - Status: 200 - Duration: 1.90ms
2026-03-13 19:53:48,493 - vulnsight - INFO - GET /scan/report/bb2adb9d-9cac-4d1c-aa70-b1f1a19b3424 - Status: 200 - Duration: 13.06ms
2026-03-13 19:53:49,072 - vulnsight - INFO - GET /scan/status/629197ad-b92e-411b-a88d-46638d58bb96 - Status: 200 - Duration: 0.67ms
2026-03-13 19:53:49,180 - vulnsight - INFO - GET /scan/status/dea8fb87-f6fd-441c-acbd-32d0e5419029 - Status: 200 - Duration: 1.53ms
2026-03-13 19:53:49,287 - vulnsight - INFO - GET /scan/report/dea8fb87-f6fd-441c-acbd-32d0e5419029 - Status: 200 - Duration: 0.61ms
2026-03-13 19:53:50,108 - vulnsight - INFO - GET /scan/status/629197ad-b92e-411b-a88d-46638d58bb96 - Status: 200 - Duration: 0.86ms
2026-03-13 19:53:52,021 - vulnsight - INFO - GET /scan/status/dea8fb87-f6fd-441c-acbd-32d0e5419029 - Status: 200 - Duration: 0.60ms
2026-03-13 19:53:52,037 - vulnsight - INFO - GET /scan/report/dea8fb87-f6fd-441c-acbd-32d0e5419029 - Status: 200 - Duration: 1.03ms
2026-03-13 19:53:52,122 - vulnsight - INFO - GET /scan/status/629197ad-b92e-411b-a88d-46638d58bb96 - Status: 200 - Duration: 0.48ms
2026-03-13 19:53:52,508 - vulnsight - INFO - GET /scan/status/629197ad-b92e-411b-a88d-46638d58bb96 - Status: 200 - Duration: 0.32ms
2026-03-13 19:53:53,049 - vulnsight - INFO - GET /scan/status/149bba86-0133-4f07-adcc-2379f401e122 - Status: 200 - Duration: 33.86ms
2026-03-13 19:53:53,050 - vulnsight - INFO - GET /scans - Status: 200 - Duration: 29.56ms
2026-03-13 19:53:53,060 - vulnsight - INFO - GET /scan/status/149bba86-0133-4f07-adcc-2379f401e122 - Status: 200 - Duration: 5.13ms
2026-03-13 19:53:53,061 - vulnsight - INFO - GET /scans - Status: 200 - Duration: 4.95ms
2026-03-13 19:53:53,068 - vulnsight - INFO - GET /scan/report/149bba86-0133-4f07-adcc-2379f401e122 - Status: 200 - Duration: 1.74ms
2026-03-13 19:53:53,072 - vulnsight - INFO - GET /scan/report/149bba86-0133-4f07-adcc-2379f401e122 - Status: 200 - Duration: 1.63ms
2026-03-13 19:53:58,656 - vulnsight - INFO - GET /scan/status/149bba86-0133-4f07-adcc-2379f401e122 - Status: 200 - Duration: 3.32ms
2026-03-13 19:53:58,670 - vulnsight - INFO - GET /scan/report/149bba86-0133-4f07-adcc-2379f401e122 - Status: 200 - Duration: 1.58ms
2026-03-13 19:54:09,234 - vulnsight - INFO - POST /chat/query - Status: 200 - Duration: 3.08ms
2026-03-13 19:54:19,010 - vulnsight - INFO - POST /chat/query - Status: 200 - Duration: 2.37ms
2026-03-13 19:54:30,920 - vulnsight - INFO - GET /scan/status/149bba86-0133-4f07-adcc-2379f401e122 - Status: 200 - Duration: 1.14ms
2026-03-13 19:54:30,930 - vulnsight - INFO - GET /scan/report/149bba86-0133-4f07-adcc-2379f401e122 - Status: 200 - Duration: 0.39ms
2026-03-13 19:54:43,337 - vulnsight - INFO - POST /chat/query - Status: 200 - Duration: 6.09ms
2026-03-13 19:55:17,874 - vulnsight - INFO - GET /scan/status/dea8fb87-f6fd-441c-acbd-32d0e5419029 - Status: 200 - Duration: 4.39ms
2026-03-13 19:55:17,900 - vulnsight - INFO - GET /scan/report/dea8fb87-f6fd-441c-acbd-32d0e5419029 - Status: 200 - Duration: 4.15ms
2026-03-13 19:55:31,191 - vulnsight - INFO - GET /scans - Status: 200 - Duration: 16.22ms
2026-03-13 19:55:31,196 - vulnsight - INFO - GET /scans - Status: 200 - Duration: 2.64ms
2026-03-13 19:55:36,242 - vulnsight - INFO - GET /scan/status/149bba86-0133-4f07-adcc-2379f401e122 - Status: 200 - Duration: 2.73ms
2026-03-13 19:55:36,247 - vulnsight - INFO - GET /scan/report/149bba86-0133-4f07-adcc-2379f401e122 - Status: 200 - Duration: 0.64ms
2026-03-13 19:56:05,886 - app.scanners.nikto_adapter - INFO - Nikto scan completed for www.amazon.in
2026-03-13 19:56:05,888 - app.scanners.nikto_adapter - INFO - Nikto parsing finished: Found 5 vulnerabilities for www.amazon.in
2026-03-13 19:56:08,173 - vulnsight - INFO - POST /chat/query - Status: 200 - Duration: 2.29ms
2026-03-13 19:56:15,883 - app.scanners.nuclei_adapter - INFO - Nuclei scan completed for www.amazon.in
2026-03-13 19:56:15,888 - app.scanners.nuclei_adapter - INFO - Nuclei parsing finished: Found 42 vulnerabilities for www.amazon.in
2026-03-13 19:56:20,722 - vulnsight - INFO - POST /chat/query - Status: 200 - Duration: 1.96ms
2026-03-13 19:58:22,990 - vulnsight - INFO - GET /scan/status/149bba86-0133-4f07-adcc-2379f401e122 - Status: 200 - Duration: 3.41ms
2026-03-13 19:58:22,999 - vulnsight - INFO - GET /scan/report/149bba86-0133-4f07-adcc-2379f401e122 - Status: 200 - Duration: 2.02ms
2026-03-13 19:59:01,190 - vulnsight - INFO - POST /chat/query - Status: 200 - Duration: 5.22ms
2026-03-13 19:59:23,590 - vulnsight - INFO - POST /chat/query - Status: 200 - Duration: 1.72ms
2026-03-13 20:00:14,654 - vulnsight - INFO - POST /chat/query - Status: 200 - Duration: 1.74ms
2026-03-13 20:01:12,233 - vulnsight - INFO - GET /scans - Status: 200 - Duration: 6.32ms
2026-03-13 20:01:12,240 - vulnsight - INFO - GET /scans - Status: 200 - Duration: 3.02ms
2026-03-13 20:01:15,409 - vulnsight - INFO - GET /scan/status/629197ad-b92e-411b-a88d-46638d58bb96 - Status: 200 - Duration: 1.08ms
2026-03-13 20:01:15,424 - vulnsight - INFO - GET /scan/report/629197ad-b92e-411b-a88d-46638d58bb96 - Status: 200 - Duration: 1.01ms
2026-03-13 20:03:42,952 - vulnsight - INFO - GET /scan/status/149bba86-0133-4f07-adcc-2379f401e122 - Status: 200 - Duration: 6.66ms
2026-03-13 20:03:42,953 - vulnsight - INFO - GET /scans - Status: 200 - Duration: 4.50ms
2026-03-13 20:03:42,954 - vulnsight - INFO - GET /scan/status/149bba86-0133-4f07-adcc-2379f401e122 - Status: 200 - Duration: 0.27ms
2026-03-13 20:03:42,959 - vulnsight - INFO - GET /scans - Status: 200 - Duration: 4.50ms
2026-03-13 20:03:42,970 - vulnsight - INFO - GET /scan/report/149bba86-0133-4f07-adcc-2379f401e122 - Status: 200 - Duration: 2.73ms
2026-03-13 20:03:42,976 - vulnsight - INFO - GET /scan/report/149bba86-0133-4f07-adcc-2379f401e122 - Status: 200 - Duration: 1.62ms
2026-03-13 20:03:47,438 - vulnsight - INFO - OPTIONS /chat/query - Status: 200 - Duration: 0.36ms
2026-03-13 20:04:02,910 - vulnsight - INFO - POST /chat/query - Status: 200 - Duration: 15468.46ms
2026-03-13 20:04:14,157 - vulnsight - INFO - GET /scan/status/149bba86-0133-4f07-adcc-2379f401e122 - Status: 200 - Duration: 1.49ms
2026-03-13 20:04:14,169 - vulnsight - INFO - GET /scan/report/149bba86-0133-4f07-adcc-2379f401e122 - Status: 200 - Duration: 0.62ms
2026-03-13 20:05:05,876 - vulnsight - INFO - OPTIONS /chat/query - Status: 200 - Duration: 0.41ms
2026-03-13 20:05:19,908 - vulnsight - INFO - POST /chat/query - Status: 200 - Duration: 14029.20ms
2026-03-13 20:06:16,814 - vulnsight - INFO - POST /chat/query - Status: 200 - Duration: 16987.71ms
2026-03-13 20:08:32,052 - vulnsight - INFO - POST /chat/query - Status: 200 - Duration: 16168.79ms
2026-03-13 20:16:58,225 - vulnsight - INFO - GET /scans - Status: 200 - Duration: 12.59ms
2026-03-13 20:16:58,229 - vulnsight - INFO - GET /scans - Status: 200 - Duration: 1.43ms
2026-03-13 20:16:59,057 - vulnsight - INFO - GET /scan/status/629197ad-b92e-411b-a88d-46638d58bb96 - Status: 200 - Duration: 8.02ms
2026-03-13 20:16:59,062 - vulnsight - INFO - GET /scan/report/629197ad-b92e-411b-a88d-46638d58bb96 - Status: 200 - Duration: 2.37ms
2026-03-13 20:24:10,627 - vulnsight - INFO - GET /scans - Status: 200 - Duration: 8.73ms
2026-03-13 20:24:10,633 - vulnsight - INFO - GET /scans - Status: 200 - Duration: 3.77ms
2026-03-13 20:24:18,556 - vulnsight - INFO - OPTIONS /scan/start - Status: 200 - Duration: 5.05ms
2026-03-13 20:24:18,572 - vulnsight - INFO - POST /scan/start - Status: 200 - Duration: 9.62ms
2026-03-13 20:24:18,599 - vulnsight - INFO - GET /scans - Status: 200 - Duration: 23.80ms
2026-03-13 20:24:18,635 - app.scanners.nmap_adapter - INFO - Starting Nmap scan for example.comexample.com
2026-03-13 20:24:18,784 - app.scanners.nikto_adapter - INFO - Starting Nikto scan for example.comexample.com
2026-03-13 20:24:19,128 - app.scanners.nuclei_adapter - INFO - Starting Nuclei scan for example.comexample.com
2026-03-13 20:24:19,287 - app.scanners.nikto_adapter - INFO - Nikto scan completed for example.comexample.com
2026-03-13 20:24:19,287 - app.scanners.nikto_adapter - INFO - Nikto parsing finished: Found 0 vulnerabilities for example.comexample.com
2026-03-13 20:24:19,379 - app.scanners.nmap_adapter - INFO - Nmap scan completed for example.comexample.com
2026-03-13 20:24:19,381 - app.scanners.nmap_adapter - INFO - Nmap parsing finished: Found 0 vulnerabilities for example.comexample.com
2026-03-13 20:24:20,580 - vulnsight - INFO - GET /scan/status/251d2316-a4b7-4989-909a-ccc8ec52b160 - Status: 200 - Duration: 1.02ms
2026-03-13 20:24:22,587 - vulnsight - INFO - GET /scan/status/251d2316-a4b7-4989-909a-ccc8ec52b160 - Status: 200 - Duration: 5.24ms
2026-03-13 20:24:24,583 - vulnsight - INFO - GET /scan/status/251d2316-a4b7-4989-909a-ccc8ec52b160 - Status: 200 - Duration: 1.85ms
2026-03-13 20:24:26,603 - vulnsight - INFO - GET /scan/status/251d2316-a4b7-4989-909a-ccc8ec52b160 - Status: 200 - Duration: 9.23ms
2026-03-13 20:24:28,607 - vulnsight - INFO - GET /scan/status/251d2316-a4b7-4989-909a-ccc8ec52b160 - Status: 200 - Duration: 2.42ms
2026-03-13 20:24:30,598 - vulnsight - INFO - GET /scan/status/251d2316-a4b7-4989-909a-ccc8ec52b160 - Status: 200 - Duration: 6.58ms
2026-03-13 20:24:32,578 - vulnsight - INFO - GET /scan/status/251d2316-a4b7-4989-909a-ccc8ec52b160 - Status: 200 - Duration: 0.92ms
2026-03-13 20:24:34,577 - vulnsight - INFO - GET /scan/status/251d2316-a4b7-4989-909a-ccc8ec52b160 - Status: 200 - Duration: 0.65ms
2026-03-13 20:24:36,577 - vulnsight - INFO - GET /scan/status/251d2316-a4b7-4989-909a-ccc8ec52b160 - Status: 200 - Duration: 0.43ms
2026-03-13 20:24:38,576 - vulnsight - INFO - GET /scan/status/251d2316-a4b7-4989-909a-ccc8ec52b160 - Status: 200 - Duration: 0.49ms
2026-03-13 20:24:40,577 - vulnsight - INFO - GET /scan/status/251d2316-a4b7-4989-909a-ccc8ec52b160 - Status: 200 - Duration: 0.45ms
2026-03-13 20:24:42,577 - vulnsight - INFO - GET /scan/status/251d2316-a4b7-4989-909a-ccc8ec52b160 - Status: 200 - Duration: 0.81ms
2026-03-13 20:24:44,576 - vulnsight - INFO - GET /scan/status/251d2316-a4b7-4989-909a-ccc8ec52b160 - Status: 200 - Duration: 0.43ms
2026-03-13 20:24:46,577 - vulnsight - INFO - GET /scan/status/251d2316-a4b7-4989-909a-ccc8ec52b160 - Status: 200 - Duration: 0.47ms
2026-03-13 20:24:48,578 - vulnsight - INFO - GET /scan/status/251d2316-a4b7-4989-909a-ccc8ec52b160 - Status: 200 - Duration: 1.01ms
2026-03-13 20:24:50,649 - vulnsight - INFO - GET /scan/status/251d2316-a4b7-4989-909a-ccc8ec52b160 - Status: 200 - Duration: 2.49ms
2026-03-13 20:24:52,581 - vulnsight - INFO - GET /scan/status/251d2316-a4b7-4989-909a-ccc8ec52b160 - Status: 200 - Duration: 1.38ms
2026-03-13 20:24:52,597 - app.scanners.nuclei_adapter - INFO - Nuclei scan completed for example.comexample.com
2026-03-13 20:24:52,598 - app.scanners.nuclei_adapter - INFO - Nuclei parsing finished: Found 0 vulnerabilities for example.comexample.com
2026-03-13 20:24:54,589 - vulnsight - INFO - GET /scan/status/251d2316-a4b7-4989-909a-ccc8ec52b160 - Status: 200 - Duration: 3.27ms
2026-03-13 20:24:54,596 - vulnsight - INFO - GET /scan/report/251d2316-a4b7-4989-909a-ccc8ec52b160 - Status: 200 - Duration: 1.25ms
2026-03-13 20:24:54,611 - vulnsight - INFO - GET /scans - Status: 200 - Duration: 9.05ms
2026-03-13 20:25:33,012 - vulnsight - INFO - POST /scan/start - Status: 200 - Duration: 64.69ms
2026-03-13 20:25:33,559 - app.scanners.nmap_adapter - INFO - Starting Nmap scan for example.com
2026-03-13 20:25:33,588 - vulnsight - INFO - GET /scans - Status: 200 - Duration: 536.30ms
2026-03-13 20:25:34,382 - app.scanners.nikto_adapter - INFO - Starting Nikto scan for example.com
2026-03-13 20:25:35,119 - vulnsight - INFO - GET /scan/status/6b7a3d8f-de91-4c5e-84f0-ad27bc427a33 - Status: 200 - Duration: 14.10ms
2026-03-13 20:25:35,367 - app.scanners.nuclei_adapter - INFO - Starting Nuclei scan for example.com
2026-03-13 20:25:37,071 - vulnsight - INFO - GET /scan/status/6b7a3d8f-de91-4c5e-84f0-ad27bc427a33 - Status: 200 - Duration: 5.04ms
2026-03-13 20:25:39,057 - vulnsight - INFO - GET /scan/status/6b7a3d8f-de91-4c5e-84f0-ad27bc427a33 - Status: 200 - Duration: 2.41ms
2026-03-13 20:25:41,047 - vulnsight - INFO - GET /scan/status/6b7a3d8f-de91-4c5e-84f0-ad27bc427a33 - Status: 200 - Duration: 1.02ms
2026-03-13 20:25:43,405 - vulnsight - INFO - GET /scan/status/6b7a3d8f-de91-4c5e-84f0-ad27bc427a33 - Status: 200 - Duration: 63.42ms
2026-03-13 20:25:45,051 - vulnsight - INFO - GET /scan/status/6b7a3d8f-de91-4c5e-84f0-ad27bc427a33 - Status: 200 - Duration: 1.51ms
2026-03-13 20:25:47,118 - vulnsight - INFO - GET /scan/status/6b7a3d8f-de91-4c5e-84f0-ad27bc427a33 - Status: 200 - Duration: 35.21ms
2026-03-13 20:25:49,081 - vulnsight - INFO - GET /scan/status/6b7a3d8f-de91-4c5e-84f0-ad27bc427a33 - Status: 200 - Duration: 9.53ms
2026-03-13 20:25:51,117 - vulnsight - INFO - GET /scan/status/6b7a3d8f-de91-4c5e-84f0-ad27bc427a33 - Status: 200 - Duration: 30.08ms
2026-03-13 20:25:53,140 - vulnsight - INFO - GET /scan/status/6b7a3d8f-de91-4c5e-84f0-ad27bc427a33 - Status: 200 - Duration: 7.59ms
2026-03-13 20:25:55,054 - vulnsight - INFO - GET /scan/status/6b7a3d8f-de91-4c5e-84f0-ad27bc427a33 - Status: 200 - Duration: 3.43ms
2026-03-13 20:25:57,050 - vulnsight - INFO - GET /scan/status/6b7a3d8f-de91-4c5e-84f0-ad27bc427a33 - Status: 200 - Duration: 0.64ms
2026-03-13 20:25:59,046 - vulnsight - INFO - GET /scan/status/6b7a3d8f-de91-4c5e-84f0-ad27bc427a33 - Status: 200 - Duration: 0.84ms
2026-03-13 20:26:01,051 - vulnsight - INFO - GET /scan/status/6b7a3d8f-de91-4c5e-84f0-ad27bc427a33 - Status: 200 - Duration: 4.11ms
2026-03-13 20:26:03,046 - vulnsight - INFO - GET /scan/status/6b7a3d8f-de91-4c5e-84f0-ad27bc427a33 - Status: 200 - Duration: 0.68ms
2026-03-13 20:26:05,047 - vulnsight - INFO - GET /scan/status/6b7a3d8f-de91-4c5e-84f0-ad27bc427a33 - Status: 200 - Duration: 1.18ms
2026-03-13 20:26:07,057 - vulnsight - INFO - GET /scan/status/6b7a3d8f-de91-4c5e-84f0-ad27bc427a33 - Status: 200 - Duration: 10.70ms
2026-03-13 20:26:09,091 - vulnsight - INFO - GET /scan/status/6b7a3d8f-de91-4c5e-84f0-ad27bc427a33 - Status: 200 - Duration: 35.91ms
2026-03-13 20:26:11,061 - vulnsight - INFO - GET /scan/status/6b7a3d8f-de91-4c5e-84f0-ad27bc427a33 - Status: 200 - Duration: 6.01ms
2026-03-13 20:26:13,076 - vulnsight - INFO - GET /scan/status/6b7a3d8f-de91-4c5e-84f0-ad27bc427a33 - Status: 200 - Duration: 4.77ms
2026-03-13 20:26:15,076 - vulnsight - INFO - GET /scan/status/6b7a3d8f-de91-4c5e-84f0-ad27bc427a33 - Status: 200 - Duration: 9.66ms
2026-03-13 20:26:17,076 - vulnsight - INFO - GET /scan/status/6b7a3d8f-de91-4c5e-84f0-ad27bc427a33 - Status: 200 - Duration: 5.41ms
2026-03-13 20:26:19,072 - vulnsight - INFO - GET /scan/status/6b7a3d8f-de91-4c5e-84f0-ad27bc427a33 - Status: 200 - Duration: 3.81ms
2026-03-13 20:26:21,496 - vulnsight - INFO - GET /scan/status/6b7a3d8f-de91-4c5e-84f0-ad27bc427a33 - Status: 200 - Duration: 71.16ms
2026-03-13 20:26:23,083 - vulnsight - INFO - GET /scan/status/6b7a3d8f-de91-4c5e-84f0-ad27bc427a33 - Status: 200 - Duration: 27.62ms
2026-03-13 20:26:25,048 - vulnsight - INFO - GET /scan/status/6b7a3d8f-de91-4c5e-84f0-ad27bc427a33 - Status: 200 - Duration: 1.84ms
2026-03-13 20:26:27,276 - vulnsight - INFO - GET /scan/status/6b7a3d8f-de91-4c5e-84f0-ad27bc427a33 - Status: 200 - Duration: 33.79ms
2026-03-13 20:26:29,096 - vulnsight - INFO - GET /scan/status/6b7a3d8f-de91-4c5e-84f0-ad27bc427a33 - Status: 200 - Duration: 12.13ms
2026-03-13 20:26:31,055 - vulnsight - INFO - GET /scan/status/6b7a3d8f-de91-4c5e-84f0-ad27bc427a33 - Status: 200 - Duration: 3.92ms
2026-03-13 20:26:33,120 - vulnsight - INFO - GET /scan/status/6b7a3d8f-de91-4c5e-84f0-ad27bc427a33 - Status: 200 - Duration: 15.77ms
2026-03-13 20:26:35,053 - vulnsight - INFO - GET /scan/status/6b7a3d8f-de91-4c5e-84f0-ad27bc427a33 - Status: 200 - Duration: 2.50ms
2026-03-13 20:26:36,424 - app.scanners.nmap_adapter - INFO - Nmap scan completed for example.com
2026-03-13 20:26:36,437 - app.scanners.nmap_adapter - INFO - Nmap parsing finished: Found 0 vulnerabilities for example.com
2026-03-13 20:26:37,058 - vulnsight - INFO - GET /scan/status/6b7a3d8f-de91-4c5e-84f0-ad27bc427a33 - Status: 200 - Duration: 8.89ms
2026-03-13 20:26:39,060 - vulnsight - INFO - GET /scan/status/6b7a3d8f-de91-4c5e-84f0-ad27bc427a33 - Status: 200 - Duration: 3.93ms
2026-03-13 20:26:41,070 - vulnsight - INFO - GET /scan/status/6b7a3d8f-de91-4c5e-84f0-ad27bc427a33 - Status: 200 - Duration: 3.04ms
2026-03-13 20:26:43,082 - vulnsight - INFO - GET /scan/status/6b7a3d8f-de91-4c5e-84f0-ad27bc427a33 - Status: 200 - Duration: 7.19ms
2026-03-13 20:26:45,090 - vulnsight - INFO - GET /scan/status/6b7a3d8f-de91-4c5e-84f0-ad27bc427a33 - Status: 200 - Duration: 34.88ms
2026-03-13 20:26:47,074 - vulnsight - INFO - GET /scan/status/6b7a3d8f-de91-4c5e-84f0-ad27bc427a33 - Status: 200 - Duration: 1.85ms
2026-03-13 20:26:49,088 - vulnsight - INFO - GET /scan/status/6b7a3d8f-de91-4c5e-84f0-ad27bc427a33 - Status: 200 - Duration: 3.79ms
2026-03-13 20:26:51,114 - vulnsight - INFO - GET /scan/status/6b7a3d8f-de91-4c5e-84f0-ad27bc427a33 - Status: 200 - Duration: 15.96ms
2026-03-13 20:26:53,058 - vulnsight - INFO - GET /scan/status/6b7a3d8f-de91-4c5e-84f0-ad27bc427a33 - Status: 200 - Duration: 4.34ms
2026-03-13 20:26:55,053 - vulnsight - INFO - GET /scan/status/6b7a3d8f-de91-4c5e-84f0-ad27bc427a33 - Status: 200 - Duration: 2.54ms
2026-03-13 20:26:57,063 - vulnsight - INFO - GET /scan/status/6b7a3d8f-de91-4c5e-84f0-ad27bc427a33 - Status: 200 - Duration: 7.23ms
2026-03-13 20:26:59,064 - vulnsight - INFO - GET /scan/status/6b7a3d8f-de91-4c5e-84f0-ad27bc427a33 - Status: 200 - Duration: 6.82ms
2026-03-13 20:27:01,065 - vulnsight - INFO - GET /scan/status/6b7a3d8f-de91-4c5e-84f0-ad27bc427a33 - Status: 200 - Duration: 6.43ms
2026-03-13 20:27:03,048 - vulnsight - INFO - GET /scan/status/6b7a3d8f-de91-4c5e-84f0-ad27bc427a33 - Status: 200 - Duration: 0.99ms
2026-03-13 20:27:05,140 - vulnsight - INFO - GET /scan/status/6b7a3d8f-de91-4c5e-84f0-ad27bc427a33 - Status: 200 - Duration: 55.35ms
2026-03-13 20:27:07,071 - vulnsight - INFO - GET /scan/status/6b7a3d8f-de91-4c5e-84f0-ad27bc427a33 - Status: 200 - Duration: 6.83ms
2026-03-13 20:27:09,067 - vulnsight - INFO - GET /scan/status/6b7a3d8f-de91-4c5e-84f0-ad27bc427a33 - Status: 200 - Duration: 7.57ms
2026-03-13 20:27:11,073 - vulnsight - INFO - GET /scan/status/6b7a3d8f-de91-4c5e-84f0-ad27bc427a33 - Status: 200 - Duration: 16.63ms
2026-03-13 20:27:13,063 - vulnsight - INFO - GET /scan/status/6b7a3d8f-de91-4c5e-84f0-ad27bc427a33 - Status: 200 - Duration: 6.03ms
2026-03-13 20:27:15,074 - vulnsight - INFO - GET /scan/status/6b7a3d8f-de91-4c5e-84f0-ad27bc427a33 - Status: 200 - Duration: 6.95ms
2026-03-13 20:27:17,072 - vulnsight - INFO - GET /scan/status/6b7a3d8f-de91-4c5e-84f0-ad27bc427a33 - Status: 200 - Duration: 4.94ms
2026-03-13 20:27:19,056 - vulnsight - INFO - GET /scan/status/6b7a3d8f-de91-4c5e-84f0-ad27bc427a33 - Status: 200 - Duration: 2.91ms
2026-03-13 20:27:21,069 - vulnsight - INFO - GET /scan/status/6b7a3d8f-de91-4c5e-84f0-ad27bc427a33 - Status: 200 - Duration: 7.65ms
2026-03-13 20:27:23,055 - vulnsight - INFO - GET /scan/status/6b7a3d8f-de91-4c5e-84f0-ad27bc427a33 - Status: 200 - Duration: 2.70ms
2026-03-13 20:27:25,062 - vulnsight - INFO - GET /scan/status/6b7a3d8f-de91-4c5e-84f0-ad27bc427a33 - Status: 200 - Duration: 5.86ms
2026-03-13 20:27:27,105 - vulnsight - INFO - GET /scan/status/6b7a3d8f-de91-4c5e-84f0-ad27bc427a33 - Status: 200 - Duration: 18.56ms
2026-03-13 20:27:29,058 - vulnsight - INFO - GET /scan/status/6b7a3d8f-de91-4c5e-84f0-ad27bc427a33 - Status: 200 - Duration: 3.68ms
2026-03-13 20:27:31,051 - vulnsight - INFO - GET /scan/status/6b7a3d8f-de91-4c5e-84f0-ad27bc427a33 - Status: 200 - Duration: 1.38ms
2026-03-13 20:27:33,053 - vulnsight - INFO - GET /scan/status/6b7a3d8f-de91-4c5e-84f0-ad27bc427a33 - Status: 200 - Duration: 1.44ms
2026-03-13 20:27:35,053 - vulnsight - INFO - GET /scan/status/6b7a3d8f-de91-4c5e-84f0-ad27bc427a33 - Status: 200 - Duration: 2.49ms
2026-03-13 20:27:37,053 - vulnsight - INFO - GET /scan/status/6b7a3d8f-de91-4c5e-84f0-ad27bc427a33 - Status: 200 - Duration: 2.34ms
2026-03-13 20:27:39,078 - vulnsight - INFO - GET /scan/status/6b7a3d8f-de91-4c5e-84f0-ad27bc427a33 - Status: 200 - Duration: 15.55ms
2026-03-13 20:27:41,047 - vulnsight - INFO - GET /scan/status/6b7a3d8f-de91-4c5e-84f0-ad27bc427a33 - Status: 200 - Duration: 0.73ms
2026-03-13 20:27:43,046 - vulnsight - INFO - GET /scan/status/6b7a3d8f-de91-4c5e-84f0-ad27bc427a33 - Status: 200 - Duration: 0.51ms
2026-03-13 20:27:45,046 - vulnsight - INFO - GET /scan/status/6b7a3d8f-de91-4c5e-84f0-ad27bc427a33 - Status: 200 - Duration: 0.62ms
2026-03-13 20:27:47,051 - vulnsight - INFO - GET /scan/status/6b7a3d8f-de91-4c5e-84f0-ad27bc427a33 - Status: 200 - Duration: 2.90ms
2026-03-13 20:27:49,045 - vulnsight - INFO - GET /scan/status/6b7a3d8f-de91-4c5e-84f0-ad27bc427a33 - Status: 200 - Duration: 0.56ms
2026-03-13 20:27:51,051 - vulnsight - INFO - GET /scan/status/6b7a3d8f-de91-4c5e-84f0-ad27bc427a33 - Status: 200 - Duration: 6.31ms
2026-03-13 20:27:53,049 - vulnsight - INFO - GET /scan/status/6b7a3d8f-de91-4c5e-84f0-ad27bc427a33 - Status: 200 - Duration: 3.33ms
2026-03-13 20:27:55,052 - vulnsight - INFO - GET /scan/status/6b7a3d8f-de91-4c5e-84f0-ad27bc427a33 - Status: 200 - Duration: 1.31ms
2026-03-13 20:27:57,047 - vulnsight - INFO - GET /scan/status/6b7a3d8f-de91-4c5e-84f0-ad27bc427a33 - Status: 200 - Duration: 1.10ms
2026-03-13 20:27:59,097 - vulnsight - INFO - GET /scan/status/6b7a3d8f-de91-4c5e-84f0-ad27bc427a33 - Status: 200 - Duration: 7.08ms
2026-03-13 20:28:01,059 - vulnsight - INFO - GET /scan/status/6b7a3d8f-de91-4c5e-84f0-ad27bc427a33 - Status: 200 - Duration: 12.86ms
2026-03-13 20:28:03,122 - vulnsight - INFO - GET /scan/status/6b7a3d8f-de91-4c5e-84f0-ad27bc427a33 - Status: 200 - Duration: 14.42ms
2026-03-13 20:28:05,110 - vulnsight - INFO - GET /scan/status/6b7a3d8f-de91-4c5e-84f0-ad27bc427a33 - Status: 200 - Duration: 7.74ms
2026-03-13 20:28:07,044 - vulnsight - INFO - GET /scan/status/6b7a3d8f-de91-4c5e-84f0-ad27bc427a33 - Status: 200 - Duration: 1.90ms
2026-03-13 20:28:09,066 - vulnsight - INFO - GET /scan/status/6b7a3d8f-de91-4c5e-84f0-ad27bc427a33 - Status: 200 - Duration: 10.83ms
2026-03-13 20:28:11,110 - vulnsight - INFO - GET /scan/status/6b7a3d8f-de91-4c5e-84f0-ad27bc427a33 - Status: 200 - Duration: 8.27ms
2026-03-13 20:28:13,047 - vulnsight - INFO - GET /scan/status/6b7a3d8f-de91-4c5e-84f0-ad27bc427a33 - Status: 200 - Duration: 3.54ms
2026-03-13 20:28:15,060 - vulnsight - INFO - GET /scan/status/6b7a3d8f-de91-4c5e-84f0-ad27bc427a33 - Status: 200 - Duration: 3.50ms
2026-03-13 20:28:17,040 - vulnsight - INFO - GET /scan/status/6b7a3d8f-de91-4c5e-84f0-ad27bc427a33 - Status: 200 - Duration: 1.54ms
2026-03-13 20:28:19,039 - vulnsight - INFO - GET /scan/status/6b7a3d8f-de91-4c5e-84f0-ad27bc427a33 - Status: 200 - Duration: 0.42ms
2026-03-13 20:28:21,406 - vulnsight - INFO - GET /scan/status/6b7a3d8f-de91-4c5e-84f0-ad27bc427a33 - Status: 200 - Duration: 3.67ms
2026-03-13 20:28:23,039 - vulnsight - INFO - GET /scan/status/6b7a3d8f-de91-4c5e-84f0-ad27bc427a33 - Status: 200 - Duration: 0.60ms
2026-03-13 20:28:25,051 - vulnsight - INFO - GET /scan/status/6b7a3d8f-de91-4c5e-84f0-ad27bc427a33 - Status: 200 - Duration: 6.66ms
2026-03-13 20:28:27,038 - vulnsight - INFO - GET /scan/status/6b7a3d8f-de91-4c5e-84f0-ad27bc427a33 - Status: 200 - Duration: 0.66ms
2026-03-13 20:28:29,045 - vulnsight - INFO - GET /scan/status/6b7a3d8f-de91-4c5e-84f0-ad27bc427a33 - Status: 200 - Duration: 4.13ms
2026-03-13 20:28:31,040 - vulnsight - INFO - GET /scan/status/6b7a3d8f-de91-4c5e-84f0-ad27bc427a33 - Status: 200 - Duration: 0.59ms
2026-03-13 20:28:33,050 - vulnsight - INFO - GET /scan/status/6b7a3d8f-de91-4c5e-84f0-ad27bc427a33 - Status: 200 - Duration: 4.20ms
2026-03-13 20:28:35,039 - vulnsight - INFO - GET /scan/status/6b7a3d8f-de91-4c5e-84f0-ad27bc427a33 - Status: 200 - Duration: 0.78ms
2026-03-13 20:28:37,045 - vulnsight - INFO - GET /scan/status/6b7a3d8f-de91-4c5e-84f0-ad27bc427a33 - Status: 200 - Duration: 5.67ms
2026-03-13 20:28:39,040 - vulnsight - INFO - GET /scan/status/6b7a3d8f-de91-4c5e-84f0-ad27bc427a33 - Status: 200 - Duration: 1.02ms
2026-03-13 20:28:41,039 - vulnsight - INFO - GET /scan/status/6b7a3d8f-de91-4c5e-84f0-ad27bc427a33 - Status: 200 - Duration: 1.65ms
2026-03-13 20:28:43,037 - vulnsight - INFO - GET /scan/status/6b7a3d8f-de91-4c5e-84f0-ad27bc427a33 - Status: 200 - Duration: 0.46ms
2026-03-13 20:28:45,044 - vulnsight - INFO - GET /scan/status/6b7a3d8f-de91-4c5e-84f0-ad27bc427a33 - Status: 200 - Duration: 3.27ms
2026-03-13 20:28:47,037 - vulnsight - INFO - GET /scan/status/6b7a3d8f-de91-4c5e-84f0-ad27bc427a33 - Status: 200 - Duration: 0.47ms
2026-03-13 20:28:49,051 - vulnsight - INFO - GET /scan/status/6b7a3d8f-de91-4c5e-84f0-ad27bc427a33 - Status: 200 - Duration: 6.42ms
2026-03-13 20:28:51,038 - vulnsight - INFO - GET /scan/status/6b7a3d8f-de91-4c5e-84f0-ad27bc427a33 - Status: 200 - Duration: 0.50ms
2026-03-13 20:28:53,057 - vulnsight - INFO - GET /scan/status/6b7a3d8f-de91-4c5e-84f0-ad27bc427a33 - Status: 200 - Duration: 3.15ms
2026-03-13 20:28:55,055 - vulnsight - INFO - GET /scan/status/6b7a3d8f-de91-4c5e-84f0-ad27bc427a33 - Status: 200 - Duration: 11.06ms
2026-03-13 20:28:57,038 - vulnsight - INFO - GET /scan/status/6b7a3d8f-de91-4c5e-84f0-ad27bc427a33 - Status: 200 - Duration: 0.44ms
2026-03-13 20:28:59,047 - vulnsight - INFO - GET /scan/status/6b7a3d8f-de91-4c5e-84f0-ad27bc427a33 - Status: 200 - Duration: 3.05ms
2026-03-13 20:29:01,377 - vulnsight - INFO - GET /scan/status/6b7a3d8f-de91-4c5e-84f0-ad27bc427a33 - Status: 200 - Duration: 20.28ms
2026-03-13 20:29:03,043 - vulnsight - INFO - GET /scan/status/6b7a3d8f-de91-4c5e-84f0-ad27bc427a33 - Status: 200 - Duration: 2.58ms
2026-03-13 20:29:05,041 - vulnsight - INFO - GET /scan/status/6b7a3d8f-de91-4c5e-84f0-ad27bc427a33 - Status: 200 - Duration: 1.97ms
2026-03-13 20:29:07,044 - vulnsight - INFO - GET /scan/status/6b7a3d8f-de91-4c5e-84f0-ad27bc427a33 - Status: 200 - Duration: 1.81ms
2026-03-13 20:29:09,038 - vulnsight - INFO - GET /scan/status/6b7a3d8f-de91-4c5e-84f0-ad27bc427a33 - Status: 200 - Duration: 1.08ms
2026-03-13 20:29:11,041 - vulnsight - INFO - GET /scan/status/6b7a3d8f-de91-4c5e-84f0-ad27bc427a33 - Status: 200 - Duration: 2.40ms
2026-03-13 20:29:13,038 - vulnsight - INFO - GET /scan/status/6b7a3d8f-de91-4c5e-84f0-ad27bc427a33 - Status: 200 - Duration: 0.93ms
2026-03-13 20:29:15,040 - vulnsight - INFO - GET /scan/status/6b7a3d8f-de91-4c5e-84f0-ad27bc427a33 - Status: 200 - Duration: 0.97ms
2026-03-13 20:29:17,038 - vulnsight - INFO - GET /scan/status/6b7a3d8f-de91-4c5e-84f0-ad27bc427a33 - Status: 200 - Duration: 1.30ms
2026-03-13 20:29:19,039 - vulnsight - INFO - GET /scan/status/6b7a3d8f-de91-4c5e-84f0-ad27bc427a33 - Status: 200 - Duration: 1.36ms
2026-03-13 20:29:21,039 - vulnsight - INFO - GET /scan/status/6b7a3d8f-de91-4c5e-84f0-ad27bc427a33 - Status: 200 - Duration: 0.63ms
2026-03-13 20:29:23,038 - vulnsight - INFO - GET /scan/status/6b7a3d8f-de91-4c5e-84f0-ad27bc427a33 - Status: 200 - Duration: 0.80ms
2026-03-13 20:29:25,038 - vulnsight - INFO - GET /scan/status/6b7a3d8f-de91-4c5e-84f0-ad27bc427a33 - Status: 200 - Duration: 0.75ms
2026-03-13 20:29:25,783 - app.scanners.nuclei_adapter - INFO - Nuclei scan completed for example.com
2026-03-13 20:29:25,789 - app.scanners.nuclei_adapter - INFO - Nuclei parsing finished: Found 40 vulnerabilities for example.com
2026-03-13 20:29:27,038 - vulnsight - INFO - GET /scan/status/6b7a3d8f-de91-4c5e-84f0-ad27bc427a33 - Status: 200 - Duration: 0.72ms
2026-03-13 20:29:29,039 - vulnsight - INFO - GET /scan/status/6b7a3d8f-de91-4c5e-84f0-ad27bc427a33 - Status: 200 - Duration: 0.88ms
2026-03-13 20:29:31,038 - vulnsight - INFO - GET /scan/status/6b7a3d8f-de91-4c5e-84f0-ad27bc427a33 - Status: 200 - Duration: 1.37ms
2026-03-13 20:29:33,039 - vulnsight - INFO - GET /scan/status/6b7a3d8f-de91-4c5e-84f0-ad27bc427a33 - Status: 200 - Duration: 0.38ms
2026-03-13 20:29:35,038 - vulnsight - INFO - GET /scan/status/6b7a3d8f-de91-4c5e-84f0-ad27bc427a33 - Status: 200 - Duration: 0.34ms
2026-03-13 20:29:37,039 - vulnsight - INFO - GET /scan/status/6b7a3d8f-de91-4c5e-84f0-ad27bc427a33 - Status: 200 - Duration: 0.73ms
2026-03-13 20:29:39,044 - vulnsight - INFO - GET /scan/status/6b7a3d8f-de91-4c5e-84f0-ad27bc427a33 - Status: 200 - Duration: 5.32ms
2026-03-13 20:29:41,043 - vulnsight - INFO - GET /scan/status/6b7a3d8f-de91-4c5e-84f0-ad27bc427a33 - Status: 200 - Duration: 1.53ms
2026-03-13 20:29:43,039 - vulnsight - INFO - GET /scan/status/6b7a3d8f-de91-4c5e-84f0-ad27bc427a33 - Status: 200 - Duration: 1.69ms
2026-03-13 20:29:45,038 - vulnsight - INFO - GET /scan/status/6b7a3d8f-de91-4c5e-84f0-ad27bc427a33 - Status: 200 - Duration: 0.63ms
2026-03-13 20:29:47,039 - vulnsight - INFO - GET /scan/status/6b7a3d8f-de91-4c5e-84f0-ad27bc427a33 - Status: 200 - Duration: 1.07ms
2026-03-13 20:29:49,039 - vulnsight - INFO - GET /scan/status/6b7a3d8f-de91-4c5e-84f0-ad27bc427a33 - Status: 200 - Duration: 0.67ms
2026-03-13 20:29:51,039 - vulnsight - INFO - GET /scan/status/6b7a3d8f-de91-4c5e-84f0-ad27bc427a33 - Status: 200 - Duration: 0.88ms
2026-03-13 20:29:53,048 - vulnsight - INFO - GET /scan/status/6b7a3d8f-de91-4c5e-84f0-ad27bc427a33 - Status: 200 - Duration: 5.80ms
2026-03-13 20:29:55,039 - vulnsight - INFO - GET /scan/status/6b7a3d8f-de91-4c5e-84f0-ad27bc427a33 - Status: 200 - Duration: 0.52ms
2026-03-13 20:29:57,039 - vulnsight - INFO - GET /scan/status/6b7a3d8f-de91-4c5e-84f0-ad27bc427a33 - Status: 200 - Duration: 0.48ms
2026-03-13 20:29:59,052 - vulnsight - INFO - GET /scan/status/6b7a3d8f-de91-4c5e-84f0-ad27bc427a33 - Status: 200 - Duration: 9.18ms
2026-03-13 20:30:01,038 - vulnsight - INFO - GET /scan/status/6b7a3d8f-de91-4c5e-84f0-ad27bc427a33 - Status: 200 - Duration: 0.40ms
2026-03-13 20:30:03,040 - vulnsight - INFO - GET /scan/status/6b7a3d8f-de91-4c5e-84f0-ad27bc427a33 - Status: 200 - Duration: 1.41ms
2026-03-13 20:30:05,038 - vulnsight - INFO - GET /scan/status/6b7a3d8f-de91-4c5e-84f0-ad27bc427a33 - Status: 200 - Duration: 0.39ms
2026-03-13 20:30:07,037 - vulnsight - INFO - GET /scan/status/6b7a3d8f-de91-4c5e-84f0-ad27bc427a33 - Status: 200 - Duration: 0.47ms
2026-03-13 20:30:09,071 - vulnsight - INFO - GET /scan/status/6b7a3d8f-de91-4c5e-84f0-ad27bc427a33 - Status: 200 - Duration: 0.45ms
2026-03-13 20:30:11,040 - vulnsight - INFO - GET /scan/status/6b7a3d8f-de91-4c5e-84f0-ad27bc427a33 - Status: 200 - Duration: 0.68ms
2026-03-13 20:30:13,038 - vulnsight - INFO - GET /scan/status/6b7a3d8f-de91-4c5e-84f0-ad27bc427a33 - Status: 200 - Duration: 0.36ms
2026-03-13 20:30:15,056 - vulnsight - INFO - GET /scan/status/6b7a3d8f-de91-4c5e-84f0-ad27bc427a33 - Status: 200 - Duration: 2.52ms
2026-03-13 20:30:17,045 - vulnsight - INFO - GET /scan/status/6b7a3d8f-de91-4c5e-84f0-ad27bc427a33 - Status: 200 - Duration: 2.74ms
2026-03-13 20:30:19,039 - vulnsight - INFO - GET /scan/status/6b7a3d8f-de91-4c5e-84f0-ad27bc427a33 - Status: 200 - Duration: 0.54ms
2026-03-13 20:30:21,179 - vulnsight - INFO - GET /scan/status/6b7a3d8f-de91-4c5e-84f0-ad27bc427a33 - Status: 200 - Duration: 52.93ms
2026-03-13 20:30:23,038 - vulnsight - INFO - GET /scan/status/6b7a3d8f-de91-4c5e-84f0-ad27bc427a33 - Status: 200 - Duration: 0.49ms
2026-03-13 20:30:25,040 - vulnsight - INFO - GET /scan/status/6b7a3d8f-de91-4c5e-84f0-ad27bc427a33 - Status: 200 - Duration: 0.96ms
2026-03-13 20:30:27,039 - vulnsight - INFO - GET /scan/status/6b7a3d8f-de91-4c5e-84f0-ad27bc427a33 - Status: 200 - Duration: 0.76ms
2026-03-13 20:30:29,038 - vulnsight - INFO - GET /scan/status/6b7a3d8f-de91-4c5e-84f0-ad27bc427a33 - Status: 200 - Duration: 0.45ms
2026-03-13 20:30:31,045 - vulnsight - INFO - GET /scan/status/6b7a3d8f-de91-4c5e-84f0-ad27bc427a33 - Status: 200 - Duration: 1.02ms
2026-03-13 20:30:33,039 - vulnsight - INFO - GET /scan/status/6b7a3d8f-de91-4c5e-84f0-ad27bc427a33 - Status: 200 - Duration: 0.53ms
2026-03-13 20:30:35,040 - vulnsight - INFO - GET /scan/status/6b7a3d8f-de91-4c5e-84f0-ad27bc427a33 - Status: 200 - Duration: 1.87ms
2026-03-13 20:30:37,053 - vulnsight - INFO - GET /scan/status/6b7a3d8f-de91-4c5e-84f0-ad27bc427a33 - Status: 200 - Duration: 3.87ms
2026-03-13 20:30:39,040 - vulnsight - INFO - GET /scan/status/6b7a3d8f-de91-4c5e-84f0-ad27bc427a33 - Status: 200 - Duration: 0.94ms
2026-03-13 20:30:41,038 - vulnsight - INFO - GET /scan/status/6b7a3d8f-de91-4c5e-84f0-ad27bc427a33 - Status: 200 - Duration: 0.39ms
2026-03-13 20:30:43,038 - vulnsight - INFO - GET /scan/status/6b7a3d8f-de91-4c5e-84f0-ad27bc427a33 - Status: 200 - Duration: 0.36ms
2026-03-13 20:30:45,039 - vulnsight - INFO - GET /scan/status/6b7a3d8f-de91-4c5e-84f0-ad27bc427a33 - Status: 200 - Duration: 0.68ms
2026-03-13 20:30:47,038 - vulnsight - INFO - GET /scan/status/6b7a3d8f-de91-4c5e-84f0-ad27bc427a33 - Status: 200 - Duration: 0.38ms
2026-03-13 20:30:49,039 - vulnsight - INFO - GET /scan/status/6b7a3d8f-de91-4c5e-84f0-ad27bc427a33 - Status: 200 - Duration: 0.48ms
2026-03-13 20:30:51,042 - vulnsight - INFO - GET /scan/status/6b7a3d8f-de91-4c5e-84f0-ad27bc427a33 - Status: 200 - Duration: 0.69ms
2026-03-13 20:30:53,039 - vulnsight - INFO - GET /scan/status/6b7a3d8f-de91-4c5e-84f0-ad27bc427a33 - Status: 200 - Duration: 0.48ms
2026-03-13 20:30:55,038 - vulnsight - INFO - GET /scan/status/6b7a3d8f-de91-4c5e-84f0-ad27bc427a33 - Status: 200 - Duration: 0.34ms
2026-03-13 20:30:57,038 - vulnsight - INFO - GET /scan/status/6b7a3d8f-de91-4c5e-84f0-ad27bc427a33 - Status: 200 - Duration: 0.36ms
2026-03-13 20:30:59,041 - vulnsight - INFO - GET /scan/status/6b7a3d8f-de91-4c5e-84f0-ad27bc427a33 - Status: 200 - Duration: 1.02ms
2026-03-13 20:31:01,040 - vulnsight - INFO - GET /scan/status/6b7a3d8f-de91-4c5e-84f0-ad27bc427a33 - Status: 200 - Duration: 1.24ms
2026-03-13 20:31:03,038 - vulnsight - INFO - GET /scan/status/6b7a3d8f-de91-4c5e-84f0-ad27bc427a33 - Status: 200 - Duration: 0.42ms
2026-03-13 20:31:05,044 - vulnsight - INFO - GET /scan/status/6b7a3d8f-de91-4c5e-84f0-ad27bc427a33 - Status: 200 - Duration: 2.59ms
2026-03-13 20:31:07,039 - vulnsight - INFO - GET /scan/status/6b7a3d8f-de91-4c5e-84f0-ad27bc427a33 - Status: 200 - Duration: 0.39ms
2026-03-13 20:31:09,038 - vulnsight - INFO - GET /scan/status/6b7a3d8f-de91-4c5e-84f0-ad27bc427a33 - Status: 200 - Duration: 0.72ms
2026-03-13 20:31:11,042 - vulnsight - INFO - GET /scan/status/6b7a3d8f-de91-4c5e-84f0-ad27bc427a33 - Status: 200 - Duration: 1.12ms
2026-03-13 20:31:13,039 - vulnsight - INFO - GET /scan/status/6b7a3d8f-de91-4c5e-84f0-ad27bc427a33 - Status: 200 - Duration: 0.37ms
2026-03-13 20:31:15,039 - vulnsight - INFO - GET /scan/status/6b7a3d8f-de91-4c5e-84f0-ad27bc427a33 - Status: 200 - Duration: 0.37ms
2026-03-13 20:31:17,040 - vulnsight - INFO - GET /scan/status/6b7a3d8f-de91-4c5e-84f0-ad27bc427a33 - Status: 200 - Duration: 1.44ms
2026-03-13 20:31:19,040 - vulnsight - INFO - GET /scan/status/6b7a3d8f-de91-4c5e-84f0-ad27bc427a33 - Status: 200 - Duration: 1.14ms
2026-03-13 20:31:21,053 - vulnsight - INFO - GET /scan/status/6b7a3d8f-de91-4c5e-84f0-ad27bc427a33 - Status: 200 - Duration: 9.13ms
2026-03-13 20:31:23,039 - vulnsight - INFO - GET /scan/status/6b7a3d8f-de91-4c5e-84f0-ad27bc427a33 - Status: 200 - Duration: 0.41ms
2026-03-13 20:31:25,038 - vulnsight - INFO - GET /scan/status/6b7a3d8f-de91-4c5e-84f0-ad27bc427a33 - Status: 200 - Duration: 0.39ms
2026-03-13 20:31:26,057 - app.scanners.nikto_adapter - INFO - Nikto scan completed for example.com
2026-03-13 20:31:26,060 - app.scanners.nikto_adapter - INFO - Nikto parsing finished: Found 6 vulnerabilities for example.com
2026-03-13 20:31:27,039 - vulnsight - INFO - GET /scan/status/6b7a3d8f-de91-4c5e-84f0-ad27bc427a33 - Status: 200 - Duration: 1.05ms
2026-03-13 20:31:27,046 - vulnsight - INFO - GET /scan/report/6b7a3d8f-de91-4c5e-84f0-ad27bc427a33 - Status: 200 - Duration: 1.98ms
2026-03-13 20:31:27,065 - vulnsight - INFO - GET /scans - Status: 200 - Duration: 13.63ms
2026-03-13 20:44:04,893 - vulnsight - INFO - GET /scan/status/149bba86-0133-4f07-adcc-2379f401e122 - Status: 200 - Duration: 16.37ms
2026-03-13 20:44:04,895 - vulnsight - INFO - GET /scans - Status: 200 - Duration: 8.63ms
2026-03-13 20:44:04,924 - vulnsight - INFO - GET /scan/status/149bba86-0133-4f07-adcc-2379f401e122 - Status: 200 - Duration: 28.17ms
2026-03-13 20:44:04,924 - vulnsight - INFO - GET /scans - Status: 200 - Duration: 28.10ms
2026-03-13 20:44:04,939 - vulnsight - INFO - GET /scan/report/149bba86-0133-4f07-adcc-2379f401e122 - Status: 200 - Duration: 0.73ms
2026-03-13 20:44:04,942 - vulnsight - INFO - GET /scan/report/149bba86-0133-4f07-adcc-2379f401e122 - Status: 200 - Duration: 1.09ms
2026-03-13 20:44:05,581 - vulnsight - INFO - GET /scan/status/149bba86-0133-4f07-adcc-2379f401e122 - Status: 200 - Duration: 4.49ms
2026-03-13 20:44:05,582 - vulnsight - INFO - GET /scans - Status: 200 - Duration: 4.63ms
2026-03-13 20:44:05,583 - vulnsight - INFO - GET /scan/status/149bba86-0133-4f07-adcc-2379f401e122 - Status: 200 - Duration: 0.50ms
2026-03-13 20:44:05,707 - vulnsight - INFO - GET /scans - Status: 200 - Duration: 124.66ms
2026-03-13 20:44:05,708 - vulnsight - INFO - GET /scan/report/149bba86-0133-4f07-adcc-2379f401e122 - Status: 200 - Duration: 0.65ms
2026-03-13 20:44:05,717 - vulnsight - INFO - GET /scan/report/149bba86-0133-4f07-adcc-2379f401e122 - Status: 200 - Duration: 0.45ms
2026-03-13 20:44:06,163 - vulnsight - INFO - GET /scan/status/149bba86-0133-4f07-adcc-2379f401e122 - Status: 200 - Duration: 211.15ms
2026-03-13 20:44:06,164 - vulnsight - INFO - GET /scans - Status: 200 - Duration: 211.87ms
2026-03-13 20:44:06,165 - vulnsight - INFO - GET /scan/status/149bba86-0133-4f07-adcc-2379f401e122 - Status: 200 - Duration: 1.88ms
2026-03-13 20:44:06,170 - vulnsight - INFO - GET /scan/status/149bba86-0133-4f07-adcc-2379f401e122 - Status: 200 - Duration: 4.85ms
2026-03-13 20:44:06,170 - vulnsight - INFO - GET /scans - Status: 200 - Duration: 4.96ms
2026-03-13 20:44:06,173 - vulnsight - INFO - GET /scan/status/149bba86-0133-4f07-adcc-2379f401e122 - Status: 200 - Duration: 2.47ms
2026-03-13 20:44:06,174 - vulnsight - INFO - GET /scans - Status: 200 - Duration: 2.66ms
2026-03-13 20:44:06,200 - vulnsight - INFO - GET /scan/report/149bba86-0133-4f07-adcc-2379f401e122 - Status: 200 - Duration: 1.84ms
2026-03-13 20:44:06,201 - vulnsight - INFO - GET /scan/report/149bba86-0133-4f07-adcc-2379f401e122 - Status: 200 - Duration: 0.86ms
2026-03-13 20:44:06,283 - vulnsight - INFO - GET /scan/status/149bba86-0133-4f07-adcc-2379f401e122 - Status: 200 - Duration: 6.57ms
2026-03-13 20:44:06,284 - vulnsight - INFO - GET /scans - Status: 200 - Duration: 6.61ms
2026-03-13 20:44:06,287 - vulnsight - INFO - GET /scan/status/149bba86-0133-4f07-adcc-2379f401e122 - Status: 200 - Duration: 2.30ms
2026-03-13 20:44:06,287 - vulnsight - INFO - GET /scans - Status: 200 - Duration: 2.44ms
2026-03-13 20:44:06,328 - vulnsight - INFO - GET /scan/report/149bba86-0133-4f07-adcc-2379f401e122 - Status: 200 - Duration: 1.25ms
2026-03-13 20:44:06,330 - vulnsight - INFO - GET /scan/report/149bba86-0133-4f07-adcc-2379f401e122 - Status: 200 - Duration: 0.67ms
2026-03-13 20:45:25,680 - vulnsight - INFO - GET /scan/status/149bba86-0133-4f07-adcc-2379f401e122 - Status: 200 - Duration: 9.03ms
2026-03-13 20:45:25,682 - vulnsight - INFO - GET /scans - Status: 200 - Duration: 3.08ms
2026-03-13 20:45:25,685 - vulnsight - INFO - GET /scan/status/149bba86-0133-4f07-adcc-2379f401e122 - Status: 200 - Duration: 2.32ms
2026-03-13 20:45:25,686 - vulnsight - INFO - GET /scans - Status: 200 - Duration: 2.09ms
2026-03-13 20:45:25,699 - vulnsight - INFO - GET /scan/report/149bba86-0133-4f07-adcc-2379f401e122 - Status: 200 - Duration: 2.83ms
2026-03-13 20:45:25,712 - vulnsight - INFO - GET /scan/report/149bba86-0133-4f07-adcc-2379f401e122 - Status: 200 - Duration: 2.76ms
2026-03-13 20:45:26,442 - vulnsight - INFO - GET /scan/status/149bba86-0133-4f07-adcc-2379f401e122 - Status: 200 - Duration: 0.85ms
2026-03-13 20:45:26,442 - vulnsight - INFO - GET /scans - Status: 200 - Duration: 1.08ms
2026-03-13 20:45:26,445 - vulnsight - INFO - GET /scan/status/149bba86-0133-4f07-adcc-2379f401e122 - Status: 200 - Duration: 1.63ms
2026-03-13 20:45:26,446 - vulnsight - INFO - GET /scans - Status: 200 - Duration: 1.17ms
2026-03-13 20:45:26,480 - vulnsight - INFO - GET /scan/report/149bba86-0133-4f07-adcc-2379f401e122 - Status: 200 - Duration: 0.67ms
2026-03-13 20:45:26,500 - vulnsight - INFO - GET /scan/report/149bba86-0133-4f07-adcc-2379f401e122 - Status: 200 - Duration: 2.21ms
2026-03-13 20:45:38,888 - vulnsight - INFO - GET /scan/status/149bba86-0133-4f07-adcc-2379f401e122 - Status: 200 - Duration: 14.04ms
2026-03-13 20:45:38,894 - vulnsight - INFO - GET /scans - Status: 200 - Duration: 8.67ms
2026-03-13 20:45:38,896 - vulnsight - INFO - GET /scan/status/149bba86-0133-4f07-adcc-2379f401e122 - Status: 200 - Duration: 0.97ms
2026-03-13 20:45:38,897 - vulnsight - INFO - GET /scans - Status: 200 - Duration: 1.45ms
2026-03-13 20:45:38,920 - vulnsight - INFO - GET /scan/report/149bba86-0133-4f07-adcc-2379f401e122 - Status: 200 - Duration: 2.79ms
2026-03-13 20:45:38,922 - vulnsight - INFO - GET /scan/report/149bba86-0133-4f07-adcc-2379f401e122 - Status: 200 - Duration: 0.76ms
